../Core/Src/main.cpp:105:5:int main()	200	static
../Core/Src/main.cpp:202:6:void SystemClock_Config()	88	static
../Core/Src/main.cpp:244:13:void MX_I2C1_Init()	8	static
../Core/Src/main.cpp:278:13:void MX_USART2_UART_Init()	8	static
../Core/Src/main.cpp:311:13:void MX_USART3_UART_Init()	8	static
../Core/Src/main.cpp:344:13:void MX_USART6_UART_Init()	8	static
../Core/Src/main.cpp:375:13:void MX_DMA_Init()	16	static
../Core/Src/main.cpp:393:13:void MX_GPIO_Init()	40	static
../Core/Src/main.cpp:426:6:void Error_Handler()	4	static,ignoring_inline_asm
../Core/Src/main.cpp:435:1:void __static_initialization_and_destruction_0(int, int)	16	static
../Core/Src/main.cpp:435:1:cpp)	8	static
