../Core/Src/main.cpp:96:5:int main()	8	static
../Core/Src/main.cpp:167:6:void SystemClock_Config()	88	static
../Core/Src/main.cpp:209:13:void MX_USART2_UART_Init()	8	static
../Core/Src/main.cpp:242:13:void MX_USART3_UART_Init()	8	static
../Core/Src/main.cpp:273:13:void MX_DMA_Init()	16	static
../Core/Src/main.cpp:291:13:void MX_GPIO_Init()	40	static
../Core/Src/main.cpp:324:6:void Error_Handler()	4	static,ignoring_inline_asm
../Core/Src/main.cpp:333:1:void __static_initialization_and_destruction_0(int, int)	16	static
../Core/Src/main.cpp:333:1:cpp)	8	static
