../Core/Src/main.cpp:68:6:void HAL_TIM_PWM_PulseFinishedCallback(TIM_HandleTypeDef*)	16	static
../Core/Src/main.cpp:79:5:int main()	8	static
../Core/Src/main.cpp:131:6:void SystemClock_Config()	88	static
../Core/Src/main.cpp:175:13:void MX_TIM3_Init()	64	static
../Core/Src/main.cpp:234:13:void MX_USART2_UART_Init()	8	static
../Core/Src/main.cpp:268:13:void MX_DMA_Init()	16	static
../Core/Src/main.cpp:289:13:void MX_GPIO_Init()	48	static
../Core/Src/main.cpp:322:6:void Error_Handler()	8	static,ignoring_inline_asm
../Core/Src/main.cpp:331:1:void __static_initialization_and_destruction_0(int, int)	16	static
../Core/Src/main.cpp:331:1:cpp)	8	static
