../Drivers/STM32C0xx_HAL_Driver/Src/stm32c0xx_hal_uart.c:3566:13:UART_EndTxTransfer	12	static,ignoring_inline_asm
../Drivers/STM32C0xx_HAL_Driver/Src/stm32c0xx_hal_uart.c:3582:13:UART_EndRxTransfer	12	static,ignoring_inline_asm
../Drivers/STM32C0xx_HAL_Driver/Src/stm32c0xx_hal_uart.c:3987:13:UART_TxISR_8BIT.part.0	12	static,ignoring_inline_asm
../Drivers/STM32C0xx_HAL_Driver/Src/stm32c0xx_hal_uart.c:3987:13:UART_TxISR_8BIT	8	static
../Drivers/STM32C0xx_HAL_Driver/Src/stm32c0xx_hal_uart.c:4016:13:UART_TxISR_16BIT	8	static
../Drivers/STM32C0xx_HAL_Driver/Src/stm32c0xx_hal_uart.c:4048:13:UART_TxISR_8BIT_FIFOEN	16	static,ignoring_inline_asm
../Drivers/STM32C0xx_HAL_Driver/Src/stm32c0xx_hal_uart.c:4088:13:UART_TxISR_16BIT_FIFOEN	16	static,ignoring_inline_asm
../Drivers/STM32C0xx_HAL_Driver/Src/stm32c0xx_hal_uart.c:668:13:HAL_UART_MspInit	0	static
../Drivers/STM32C0xx_HAL_Driver/Src/stm32c0xx_hal_uart.c:683:13:HAL_UART_MspDeInit	0	static
../Drivers/STM32C0xx_HAL_Driver/Src/stm32c0xx_hal_uart.c:622:19:HAL_UART_DeInit	16	static
../Drivers/STM32C0xx_HAL_Driver/Src/stm32c0xx_hal_uart.c:1331:19:HAL_UART_Transmit_IT	20	static,ignoring_inline_asm
../Drivers/STM32C0xx_HAL_Driver/Src/stm32c0xx_hal_uart.c:1477:19:HAL_UART_Transmit_DMA	32	static,ignoring_inline_asm
../Drivers/STM32C0xx_HAL_Driver/Src/stm32c0xx_hal_uart.c:1615:19:HAL_UART_DMAPause	20	static,ignoring_inline_asm
../Drivers/STM32C0xx_HAL_Driver/Src/stm32c0xx_hal_uart.c:1649:19:HAL_UART_DMAResume	12	static,ignoring_inline_asm
../Drivers/STM32C0xx_HAL_Driver/Src/stm32c0xx_hal_uart.c:1684:19:HAL_UART_DMAStop	16	static,ignoring_inline_asm
../Drivers/STM32C0xx_HAL_Driver/Src/stm32c0xx_hal_uart.c:1759:19:HAL_UART_Abort	16	static,ignoring_inline_asm
../Drivers/STM32C0xx_HAL_Driver/Src/stm32c0xx_hal_uart.c:1862:19:HAL_UART_AbortTransmit	16	static,ignoring_inline_asm
../Drivers/STM32C0xx_HAL_Driver/Src/stm32c0xx_hal_uart.c:1921:19:HAL_UART_AbortReceive	16	static,ignoring_inline_asm
../Drivers/STM32C0xx_HAL_Driver/Src/stm32c0xx_hal_uart.c:2646:13:HAL_UART_TxCpltCallback	0	static
../Drivers/STM32C0xx_HAL_Driver/Src/stm32c0xx_hal_uart.c:3608:13:UART_DMATransmitCplt	16	static,ignoring_inline_asm
../Drivers/STM32C0xx_HAL_Driver/Src/stm32c0xx_hal_uart.c:2661:13:HAL_UART_TxHalfCpltCallback	0	static
../Drivers/STM32C0xx_HAL_Driver/Src/stm32c0xx_hal_uart.c:3642:13:UART_DMATxHalfCplt	8	static
../Drivers/STM32C0xx_HAL_Driver/Src/stm32c0xx_hal_uart.c:2676:13:HAL_UART_RxCpltCallback	0	static
../Drivers/STM32C0xx_HAL_Driver/Src/stm32c0xx_hal_uart.c:2691:13:HAL_UART_RxHalfCpltCallback	0	static
../Drivers/STM32C0xx_HAL_Driver/Src/stm32c0xx_hal_uart.c:2706:13:HAL_UART_ErrorCallback	0	static
../Drivers/STM32C0xx_HAL_Driver/Src/stm32c0xx_hal_uart.c:3751:13:UART_DMAError	16	static
../Drivers/STM32C0xx_HAL_Driver/Src/stm32c0xx_hal_uart.c:3791:13:UART_DMAAbortOnError	8	static
../Drivers/STM32C0xx_HAL_Driver/Src/stm32c0xx_hal_uart.c:2721:13:HAL_UART_AbortCpltCallback	0	static
../Drivers/STM32C0xx_HAL_Driver/Src/stm32c0xx_hal_uart.c:1989:19:HAL_UART_Abort_IT	16	static,ignoring_inline_asm
../Drivers/STM32C0xx_HAL_Driver/Src/stm32c0xx_hal_uart.c:3869:13:UART_DMARxAbortCallback	8	static
../Drivers/STM32C0xx_HAL_Driver/Src/stm32c0xx_hal_uart.c:3814:13:UART_DMATxAbortCallback	8	static
../Drivers/STM32C0xx_HAL_Driver/Src/stm32c0xx_hal_uart.c:2736:13:HAL_UART_AbortTransmitCpltCallback	0	static
../Drivers/STM32C0xx_HAL_Driver/Src/stm32c0xx_hal_uart.c:2142:19:HAL_UART_AbortTransmit_IT	16	static,ignoring_inline_asm
../Drivers/STM32C0xx_HAL_Driver/Src/stm32c0xx_hal_uart.c:3921:13:UART_DMATxOnlyAbortCallback	8	static
../Drivers/STM32C0xx_HAL_Driver/Src/stm32c0xx_hal_uart.c:2751:13:HAL_UART_AbortReceiveCpltCallback	0	static
../Drivers/STM32C0xx_HAL_Driver/Src/stm32c0xx_hal_uart.c:2233:19:HAL_UART_AbortReceive_IT	16	static,ignoring_inline_asm
../Drivers/STM32C0xx_HAL_Driver/Src/stm32c0xx_hal_uart.c:3954:13:UART_DMARxOnlyAbortCallback	8	static
../Drivers/STM32C0xx_HAL_Driver/Src/stm32c0xx_hal_uart.c:2768:13:HAL_UARTEx_RxEventCallback	0	static
../Drivers/STM32C0xx_HAL_Driver/Src/stm32c0xx_hal_uart.c:2326:6:HAL_UART_IRQHandler	32	static,ignoring_inline_asm
../Drivers/STM32C0xx_HAL_Driver/Src/stm32c0xx_hal_uart.c:4154:13:UART_RxISR_8BIT	24	static,ignoring_inline_asm
../Drivers/STM32C0xx_HAL_Driver/Src/stm32c0xx_hal_uart.c:4231:13:UART_RxISR_16BIT	24	static,ignoring_inline_asm
../Drivers/STM32C0xx_HAL_Driver/Src/stm32c0xx_hal_uart.c:4310:13:UART_RxISR_8BIT_FIFOEN	40	static,ignoring_inline_asm
../Drivers/STM32C0xx_HAL_Driver/Src/stm32c0xx_hal_uart.c:4458:13:UART_RxISR_16BIT_FIFOEN	40	static,ignoring_inline_asm
../Drivers/STM32C0xx_HAL_Driver/Src/stm32c0xx_hal_uart.c:3717:13:UART_DMARxHalfCplt	8	static
../Drivers/STM32C0xx_HAL_Driver/Src/stm32c0xx_hal_uart.c:3660:13:UART_DMAReceiveCplt	16	static,ignoring_inline_asm
../Drivers/STM32C0xx_HAL_Driver/Src/stm32c0xx_hal_uart.c:2816:6:HAL_UART_ReceiverTimeout_Config	0	static
../Drivers/STM32C0xx_HAL_Driver/Src/stm32c0xx_hal_uart.c:2828:19:HAL_UART_EnableReceiverTimeout	12	static
../Drivers/STM32C0xx_HAL_Driver/Src/stm32c0xx_hal_uart.c:2859:19:HAL_UART_DisableReceiverTimeout	12	static
../Drivers/STM32C0xx_HAL_Driver/Src/stm32c0xx_hal_uart.c:2930:6:HAL_MultiProcessor_EnterMuteMode	0	static
../Drivers/STM32C0xx_HAL_Driver/Src/stm32c0xx_hal_uart.c:2940:19:HAL_HalfDuplex_EnableTransmitter	20	static,ignoring_inline_asm
../Drivers/STM32C0xx_HAL_Driver/Src/stm32c0xx_hal_uart.c:2963:19:HAL_HalfDuplex_EnableReceiver	20	static,ignoring_inline_asm
../Drivers/STM32C0xx_HAL_Driver/Src/stm32c0xx_hal_uart.c:2987:19:HAL_LIN_SendBreak	8	static
../Drivers/STM32C0xx_HAL_Driver/Src/stm32c0xx_hal_uart.c:3032:23:HAL_UART_GetState	0	static
../Drivers/STM32C0xx_HAL_Driver/Src/stm32c0xx_hal_uart.c:3048:10:HAL_UART_GetError	0	static
../Drivers/STM32C0xx_HAL_Driver/Src/stm32c0xx_hal_uart.c:3094:19:UART_SetConfig	16	static
../Drivers/STM32C0xx_HAL_Driver/Src/stm32c0xx_hal_uart.c:3240:6:UART_AdvFeatureConfig	12	static
../Drivers/STM32C0xx_HAL_Driver/Src/stm32c0xx_hal_uart.c:3366:19:UART_WaitOnFlagUntilTimeout	32	static,ignoring_inline_asm
../Drivers/STM32C0xx_HAL_Driver/Src/stm32c0xx_hal_uart.c:1124:19:HAL_UART_Transmit	48	static
../Drivers/STM32C0xx_HAL_Driver/Src/stm32c0xx_hal_uart.c:1229:19:HAL_UART_Receive	48	static
../Drivers/STM32C0xx_HAL_Driver/Src/stm32c0xx_hal_uart.c:3314:19:UART_CheckIdleState	24	static
../Drivers/STM32C0xx_HAL_Driver/Src/stm32c0xx_hal_uart.c:305:19:HAL_UART_Init	16	static
../Drivers/STM32C0xx_HAL_Driver/Src/stm32c0xx_hal_uart.c:378:19:HAL_HalfDuplex_Init	16	static
../Drivers/STM32C0xx_HAL_Driver/Src/stm32c0xx_hal_uart.c:451:19:HAL_LIN_Init	16	static
../Drivers/STM32C0xx_HAL_Driver/Src/stm32c0xx_hal_uart.c:548:19:HAL_MultiProcessor_Init	24	static
../Drivers/STM32C0xx_HAL_Driver/Src/stm32c0xx_hal_uart.c:2890:19:HAL_MultiProcessor_EnableMuteMode	16	static,ignoring_inline_asm
../Drivers/STM32C0xx_HAL_Driver/Src/stm32c0xx_hal_uart.c:2910:19:HAL_MultiProcessor_DisableMuteMode	16	static,ignoring_inline_asm
../Drivers/STM32C0xx_HAL_Driver/Src/stm32c0xx_hal_uart.c:3430:19:UART_Start_Receive_IT	20	static,ignoring_inline_asm
../Drivers/STM32C0xx_HAL_Driver/Src/stm32c0xx_hal_uart.c:1421:19:HAL_UART_Receive_IT	16	static,ignoring_inline_asm
../Drivers/STM32C0xx_HAL_Driver/Src/stm32c0xx_hal_uart.c:3506:19:UART_Start_Receive_DMA	32	static,ignoring_inline_asm
../Drivers/STM32C0xx_HAL_Driver/Src/stm32c0xx_hal_uart.c:1569:19:HAL_UART_Receive_DMA	16	static,ignoring_inline_asm
