../Core/Src/main.cpp:142:6:void HAL_TIM_PWM_PulseFinishedCallback(TIM_HandleTypeDef*)	16	static
../Core/Src/main.cpp:147:6:void HAL_TIM_PeriodElapsedCallback(TIM_HandleTypeDef*)	16	static
../Core/Src/main.cpp:154:6:void send_MD(uint16_t, uint8_t, uint16_t)	16	static
../Core/Src/main.cpp:164:6:void transmit(uint16_t, uint8_t)	16	static
../Core/Src/main.cpp:168:6:void check_buf()	24	static
../Core/Src/main.cpp:198:6:void check_battery()	24	static
../Core/Src/main.cpp:228:5:int main()	192	static
../Core/Src/main.cpp:363:6:void SystemClock_Config()	88	static
../Core/Src/main.cpp:410:13:void MX_ADC1_Init()	24	static
../Core/Src/main.cpp:462:13:void MX_I2C1_Init()	8	static
../Core/Src/main.cpp:496:13:void MX_TIM1_Init()	32	static
../Core/Src/main.cpp:542:13:void MX_TIM3_Init()	64	static
../Core/Src/main.cpp:606:13:void MX_UART5_Init()	8	static
../Core/Src/main.cpp:639:13:void MX_USART2_UART_Init()	8	static
../Core/Src/main.cpp:672:13:void MX_USART3_UART_Init()	8	static
../Core/Src/main.cpp:705:13:void MX_USART6_UART_Init()	8	static
../Core/Src/main.cpp:736:13:void MX_DMA_Init()	16	static
../Core/Src/main.cpp:763:13:void MX_GPIO_Init()	48	static
../Core/Src/main.cpp:804:6:void Error_Handler()	4	static,ignoring_inline_asm
../Core/Src/main.cpp:813:1:void __static_initialization_and_destruction_0(int, int)	16	static
../Core/Src/main.cpp:813:1:cpp)	8	static
