../Drivers/STM32C0xx_HAL_Driver/Src/stm32c0xx_hal_dma_ex.c:94:19:HAL_DMAEx_ConfigMuxSync	12	static
../Drivers/STM32C0xx_HAL_Driver/Src/stm32c0xx_hal_dma_ex.c:144:19:HAL_DMAEx_ConfigMuxRequestGenerator	8	static
../Drivers/STM32C0xx_HAL_Driver/Src/stm32c0xx_hal_dma_ex.c:183:19:HAL_DMAEx_EnableMuxRequestGenerator	0	static
../Drivers/STM32C0xx_HAL_Driver/Src/stm32c0xx_hal_dma_ex.c:211:19:HAL_DMAEx_DisableMuxRequestGenerator	0	static
../Drivers/STM32C0xx_HAL_Driver/Src/stm32c0xx_hal_dma_ex.c:239:6:HAL_DMAEx_MUX_IRQHandler	16	static
