../Drivers/STM32C0xx_HAL_Driver/Src/stm32c0xx_hal_exti.c:136:19:HAL_EXTI_SetConfigLine	32	static
../Drivers/STM32C0xx_HAL_Driver/Src/stm32c0xx_hal_exti.c:258:19:HAL_EXTI_GetConfigLine	20	static
../Drivers/STM32C0xx_HAL_Driver/Src/stm32c0xx_hal_exti.c:352:19:HAL_EXTI_ClearConfigLine	32	static
../Drivers/STM32C0xx_HAL_Driver/Src/stm32c0xx_hal_exti.c:418:19:HAL_EXTI_RegisterCallback	0	static
../Drivers/STM32C0xx_HAL_Driver/Src/stm32c0xx_hal_exti.c:454:19:HAL_EXTI_GetHandle	0	static
../Drivers/STM32C0xx_HAL_Driver/Src/stm32c0xx_hal_exti.c:495:6:HAL_EXTI_IRQHandler	16	static
../Drivers/STM32C0xx_HAL_Driver/Src/stm32c0xx_hal_exti.c:549:10:HAL_EXTI_GetPending	8	static
../Drivers/STM32C0xx_HAL_Driver/Src/stm32c0xx_hal_exti.c:593:6:HAL_EXTI_ClearPending	8	static
../Drivers/STM32C0xx_HAL_Driver/Src/stm32c0xx_hal_exti.c:629:6:HAL_EXTI_GenerateSWI	0	static
