../Core/Src/led.cpp:3:1:LED::LED(WS2812*)	0	static
../Core/Src/led.cpp:7:6:void LED::init(uint8_t)	16	static
../Core/Src/led.cpp:37:6:void LED::set_circle(int, int, int, int, int, int)	24	static
../Core/Src/led.cpp:45:6:void LED::do_forwardRewrite()	8	static
../Core/Src/led.cpp:49:6:void LED::do_backRewrite()	8	static
../Core/Src/led.cpp:53:6:void LED::set_under()	0	static
../Core/Src/led.cpp:59:6:void LED::set_color(uint16_t)	16	static
../Core/Src/led.cpp:64:5:int LED::change_coord_to_num(int, int)	0	static
../Core/Src/led.cpp:22:6:void LED::show(int, int, int, int, int)	48	static
