../Core/Src/main.cpp:107:6:void set_array(int, int, int, uint8_t, uint8_t, uint8_t)	40	static
../Core/Src/main.cpp:133:6:void HAL_TIM_PeriodElapsedCallback(TIM_HandleTypeDef*)	16	static
../Core/Src/main.cpp:166:5:int main()	224	static
../Core/Src/main.cpp:280:6:void SystemClock_Config()	88	static
../Core/Src/main.cpp:327:13:void MX_I2C1_Init()	8	static
../Core/Src/main.cpp:361:13:void MX_TIM3_Init()	32	static
../Core/Src/main.cpp:406:13:void MX_UART5_Init()	8	static
../Core/Src/main.cpp:439:13:void MX_USART3_UART_Init()	8	static
../Core/Src/main.cpp:472:13:void MX_USART6_UART_Init()	8	static
../Core/Src/main.cpp:503:13:void MX_DMA_Init()	16	static
../Core/Src/main.cpp:521:13:void MX_GPIO_Init()	48	static
../Core/Src/main.cpp:561:6:void check_buf()	32	static
../Core/Src/main.cpp:603:6:void Error_Handler()	4	static,ignoring_inline_asm
c:\st\stm32cubeide_1.12.1\stm32cubeide\plugins\com.st.stm32cube.ide.mcu.externaltools.gnu-tools-for-stm32.10.3-2021.10.win32_1.0.200.202301161003\tools\arm-none-eabi\include\c++\10.3.1\cmath:155:5:constexpr typename __gnu_cxx::__promote_2<_Tp, _Up>::__type std::atan2(_Tp, _Up) [with _Tp = int; _Up = int]	24	static
../Core/Src/main.cpp:612:1:void __static_initialization_and_destruction_0(int, int)	16	static
../Core/Src/main.cpp:612:1:cpp)	8	static
