../Core/Src/main.cpp:97:5:int main()	224	static
../Core/Src/main.cpp:197:6:void SystemClock_Config()	88	static
../Core/Src/main.cpp:244:13:void MX_I2C1_Init()	8	static
../Core/Src/main.cpp:278:13:void MX_USART3_UART_Init()	8	static
../Core/Src/main.cpp:311:13:void MX_USART6_UART_Init()	8	static
../Core/Src/main.cpp:344:13:void MX_GPIO_Init()	40	static
../Core/Src/main.cpp:377:6:void Error_Handler()	4	static,ignoring_inline_asm
c:\st\stm32cubeide_1.12.1\stm32cubeide\plugins\com.st.stm32cube.ide.mcu.externaltools.gnu-tools-for-stm32.10.3-2021.10.win32_1.0.200.202301161003\tools\arm-none-eabi\include\c++\10.3.1\cmath:155:5:constexpr typename __gnu_cxx::__promote_2<_Tp, _Up>::__type std::atan2(_Tp, _Up) [with _Tp = int; _Up = int]	24	static
../Core/Src/main.cpp:386:1:void __static_initialization_and_destruction_0(int, int)	16	static
../Core/Src/main.cpp:386:1:cpp)	8	static
