../Core/Src/main.cpp:103:6:void set_array(int, int, int, uint8_t, uint8_t)	40	static
../Core/Src/main.cpp:124:6:void HAL_TIM_PeriodElapsedCallback(TIM_HandleTypeDef*)	16	static
../Core/Src/main.cpp:143:6:void check_coord()	4	static
../Core/Src/main.cpp:157:5:int main()	224	static
../Core/Src/main.cpp:263:6:void SystemClock_Config()	88	static
../Core/Src/main.cpp:310:13:void MX_I2C1_Init()	8	static
../Core/Src/main.cpp:344:13:void MX_TIM3_Init()	32	static
../Core/Src/main.cpp:389:13:void MX_USART3_UART_Init()	8	static
../Core/Src/main.cpp:422:13:void MX_USART6_UART_Init()	8	static
../Core/Src/main.cpp:455:13:void MX_GPIO_Init()	40	static
../Core/Src/main.cpp:500:6:void Error_Handler()	4	static,ignoring_inline_asm
c:\st\stm32cubeide_1.12.1\stm32cubeide\plugins\com.st.stm32cube.ide.mcu.externaltools.gnu-tools-for-stm32.10.3-2021.10.win32_1.0.200.202301161003\tools\arm-none-eabi\include\c++\10.3.1\cmath:155:5:constexpr typename __gnu_cxx::__promote_2<_Tp, _Up>::__type std::atan2(_Tp, _Up) [with _Tp = int; _Up = int]	24	static
../Core/Src/main.cpp:509:1:void __static_initialization_and_destruction_0(int, int)	16	static
../Core/Src/main.cpp:509:1:cpp)	8	static
