../Core/Src/main.cpp:77:10:uint64_t readCounter()	8	static
../Core/Src/main.cpp:82:6:void HAL_TIM_PeriodElapsedCallback(TIM_HandleTypeDef*)	16	static
../Core/Src/main.cpp:94:5:int main()	8	static
../Core/Src/main.cpp:150:6:void SystemClock_Config()	64	static
../Core/Src/main.cpp:187:13:void MX_I2C1_Init()	8	static
../Core/Src/main.cpp:235:13:void MX_TIM3_Init()	40	static
../Core/Src/main.cpp:280:13:void MX_USART2_UART_Init()	8	static
../Core/Src/main.cpp:314:13:void MX_DMA_Init()	16	static
../Core/Src/main.cpp:332:13:void MX_GPIO_Init()	48	static
../Core/Src/main.cpp:364:6:void Error_Handler()	8	static,ignoring_inline_asm
../Core/Src/main.cpp:373:1:void __static_initialization_and_destruction_0(int, int)	16	static
../Core/Src/main.cpp:373:1:cpp)	8	static
