../Core/Src/main.c:115:6:exe_motor	16	static
../Core/Src/main.c:130:6:DMA_read	16	static
../Core/Src/main.c:149:10:readCounter	16	static
../Core/Src/main.c:152:6:HAL_TIM_PeriodElapsedCallback	16	static
../Core/Src/main.c:157:6:get_ID	8	static
../Core/Src/main.c:166:6:unzip	16	static
../Core/Src/main.c:170:6:calc_angle	16	static
../Core/Src/main.c:175:6:move	8	static
../Core/Src/main.c:204:5:main	8	static
../Core/Src/main.c:293:6:SystemClock_Config	88	static
../Core/Src/main.c:334:13:MX_TIM1_Init	120	static
../Core/Src/main.c:416:13:MX_TIM3_Init	64	static
../Core/Src/main.c:475:13:MX_TIM14_Init	8	static
../Core/Src/main.c:506:13:MX_USART2_UART_Init	8	static
../Core/Src/main.c:540:13:MX_DMA_Init	16	static
../Core/Src/main.c:558:13:MX_GPIO_Init	48	static
../Core/Src/main.c:592:6:Error_Handler	8	static,ignoring_inline_asm
