../Core/Src/main.c:116:6:exe_motor	16	static
../Core/Src/main.c:131:6:DMA_read	16	static
../Core/Src/main.c:152:10:readCounter	16	static
../Core/Src/main.c:155:6:HAL_TIM_PeriodElapsedCallback	16	static
../Core/Src/main.c:160:6:get_ID	8	static
../Core/Src/main.c:169:6:unzip	16	static
../Core/Src/main.c:174:6:calc_angle	16	static
../Core/Src/main.c:189:6:move	8	static
../Core/Src/main.c:218:5:main	8	static
../Core/Src/main.c:307:6:SystemClock_Config	88	static
../Core/Src/main.c:348:13:MX_TIM1_Init	120	static
../Core/Src/main.c:430:13:MX_TIM3_Init	64	static
../Core/Src/main.c:489:13:MX_TIM14_Init	8	static
../Core/Src/main.c:520:13:MX_USART2_UART_Init	8	static
../Core/Src/main.c:554:13:MX_DMA_Init	16	static
../Core/Src/main.c:572:13:MX_GPIO_Init	48	static
../Core/Src/main.c:606:6:Error_Handler	8	static,ignoring_inline_asm
