02:44:44 **** Incremental Build of configuration Release for project Panel ****
make -j8 all 
arm-none-eabi-g++ "../Core/Src/main.cpp" -mcpu=cortex-m0plus -std=gnu++14 -DUSE_HAL_DRIVER -DSTM32G030xx -c -I../Core/Inc -I../Drivers/STM32G0xx_HAL_Driver/Inc -I../Drivers/STM32G0xx_HAL_Driver/Inc/Legacy -I../Drivers/CMSIS/Device/ST/STM32G0xx/Include -I../Drivers/CMSIS/Include -Os -ffunction-sections -fdata-sections -fno-exceptions -fno-rtti -fno-use-cxa-atexit -Wall -fstack-usage -fcyclomatic-complexity -MMD -MP -MF"Core/Src/main.d" -MT"Core/Src/main.o" --specs=nano.specs -mfloat-abi=soft -mthumb -o "Core/Src/main.o"
arm-none-eabi-g++ -o "Panel.elf" @"objects.list"   -mcpu=cortex-m0plus -T"C:\robot\Japan2024-Software\MovingDisplay\Panel\STM32G030K6TX_FLASH.ld" --specs=nosys.specs -Wl,-Map="Panel.map" -Wl,--gc-sections -static --specs=nano.specs -mfloat-abi=soft -mthumb -Wl,--start-group -lc -lm -lstdc++ -lsupc++ -Wl,--end-group
Finished building target: Panel.elf
 
arm-none-eabi-size   Panel.elf 
arm-none-eabi-objdump -h -S  Panel.elf  > "Panel.list"
   text	   data	    bss	    dec	    hex	filename
  20100	     24	   3012	  23136	   5a60	Panel.elf
Finished building: default.size.stdout
 
Finished building: Panel.list
 
02:50:59 **** Incremental Build of configuration Debug for project Mother ****
make -j8 all 
arm-none-eabi-g++ "../Core/Src/main.cpp" -mcpu=cortex-m4 -std=gnu++14 -g3 -DDEBUG -DUSE_HAL_DRIVER -DSTM32F446xx -c -I../Core/Inc -I../Drivers/STM32F4xx_HAL_Driver/Inc -I../Drivers/STM32F4xx_HAL_Driver/Inc/Legacy -I../Drivers/CMSIS/Device/ST/STM32F4xx/Include -I../Drivers/CMSIS/Include -O0 -ffunction-sections -fdata-sections -fno-exceptions -fno-rtti -fno-use-cxa-atexit -Wall -fstack-usage -fcyclomatic-complexity -MMD -MP -MF"Core/Src/main.d" -MT"Core/Src/main.o" --specs=nano.specs -mfpu=fpv4-sp-d16 -mfloat-abi=hard -mthumb -o "Core/Src/main.o"
../Core/Src/main.cpp: In function 'int main()':
../Core/Src/main.cpp:146:14: warning: unused variable 'q' [-Wunused-variable]
  146 |   QUATERNION q;
      |              ^
arm-none-eabi-g++ -o "Mother.elf" @"objects.list"   -mcpu=cortex-m4 -T"C:\robot\Japan2024-Software\MovingDisplay\Mother\STM32F446RETX_FLASH.ld" --specs=nosys.specs -Wl,-Map="Mother.map" -Wl,--gc-sections -static --specs=nano.specs -mfpu=fpv4-sp-d16 -mfloat-abi=hard -mthumb -Wl,--start-group -lc -lm -lstdc++ -lsupc++ -Wl,--end-group
Finished building target: Mother.elf
 
arm-none-eabi-size   Mother.elf 
arm-none-eabi-objdump -h -S  Mother.elf  > "Mother.list"
   text	   data	    bss	    dec	    hex	filename
  27152	    144	   1908	  29204	   7214	Mother.elf
Finished building: default.size.stdout
 
Finished building: Mother.list
 
02:51:12 **** Incremental Build of configuration Debug for project Mother ****
make -j8 all 
arm-none-eabi-size   Mother.elf 
   text	   data	    bss	    dec	    hex	filename
  27152	    144	   1908	  29204	   7214	Mother.elf
Finished building: default.size.stdout
 
02:54:23 **** Incremental Build of configuration Debug for project Panel ****
make -j8 all 
arm-none-eabi-g++ "../Core/Src/main.cpp" -mcpu=cortex-m0plus -std=gnu++14 -g3 -DDEBUG -DUSE_HAL_DRIVER -DSTM32G030xx -c -I../Core/Inc -I../Drivers/STM32G0xx_HAL_Driver/Inc -I../Drivers/STM32G0xx_HAL_Driver/Inc/Legacy -I../Drivers/CMSIS/Device/ST/STM32G0xx/Include -I../Drivers/CMSIS/Include -O0 -ffunction-sections -fdata-sections -fno-exceptions -fno-rtti -fno-use-cxa-atexit -Wall -fstack-usage -fcyclomatic-complexity -MMD -MP -MF"Core/Src/main.d" -MT"Core/Src/main.o" --specs=nano.specs -mfloat-abi=soft -mthumb -o "Core/Src/main.o"
arm-none-eabi-g++ -o "Panel.elf" @"objects.list"   -mcpu=cortex-m0plus -T"C:\robot\Japan2024-Software\MovingDisplay\Panel\STM32G030K6TX_FLASH.ld" --specs=nosys.specs -Wl,-Map="Panel.map" -Wl,--gc-sections -static --specs=nano.specs -mfloat-abi=soft -mthumb -Wl,--start-group -lc -lm -lstdc++ -lsupc++ -Wl,--end-group
Finished building target: Panel.elf
 
arm-none-eabi-size   Panel.elf 
arm-none-eabi-objdump -h -S  Panel.elf  > "Panel.list"
   text	   data	    bss	    dec	    hex	filename
  29408	     24	   3020	  32452	   7ec4	Panel.elf
Finished building: default.size.stdout
 
Finished building: Panel.list
 
02:55:37 **** Incremental Build of configuration Debug for project Panel ****
make -j8 all 
arm-none-eabi-g++ "../Core/Src/main.cpp" -mcpu=cortex-m0plus -std=gnu++14 -g3 -DDEBUG -DUSE_HAL_DRIVER -DSTM32G030xx -c -I../Core/Inc -I../Drivers/STM32G0xx_HAL_Driver/Inc -I../Drivers/STM32G0xx_HAL_Driver/Inc/Legacy -I../Drivers/CMSIS/Device/ST/STM32G0xx/Include -I../Drivers/CMSIS/Include -O0 -ffunction-sections -fdata-sections -fno-exceptions -fno-rtti -fno-use-cxa-atexit -Wall -fstack-usage -fcyclomatic-complexity -MMD -MP -MF"Core/Src/main.d" -MT"Core/Src/main.o" --specs=nano.specs -mfloat-abi=soft -mthumb -o "Core/Src/main.o"
arm-none-eabi-g++ -o "Panel.elf" @"objects.list"   -mcpu=cortex-m0plus -T"C:\robot\Japan2024-Software\MovingDisplay\Panel\STM32G030K6TX_FLASH.ld" --specs=nosys.specs -Wl,-Map="Panel.map" -Wl,--gc-sections -static --specs=nano.specs -mfloat-abi=soft -mthumb -Wl,--start-group -lc -lm -lstdc++ -lsupc++ -Wl,--end-group
Finished building target: Panel.elf
 
arm-none-eabi-size   Panel.elf 
arm-none-eabi-objdump -h -S  Panel.elf  > "Panel.list"
   text	   data	    bss	    dec	    hex	filename
  29408	     24	   3020	  32452	   7ec4	Panel.elf
Finished building: default.size.stdout
 
Finished building: Panel.list
 
02:56:07 **** Incremental Build of configuration Debug for project Panel ****
make -j8 all 
arm-none-eabi-g++ "../Core/Src/main.cpp" -mcpu=cortex-m0plus -std=gnu++14 -g3 -DDEBUG -DUSE_HAL_DRIVER -DSTM32G030xx -c -I../Core/Inc -I../Drivers/STM32G0xx_HAL_Driver/Inc -I../Drivers/STM32G0xx_HAL_Driver/Inc/Legacy -I../Drivers/CMSIS/Device/ST/STM32G0xx/Include -I../Drivers/CMSIS/Include -O0 -ffunction-sections -fdata-sections -fno-exceptions -fno-rtti -fno-use-cxa-atexit -Wall -fstack-usage -fcyclomatic-complexity -MMD -MP -MF"Core/Src/main.d" -MT"Core/Src/main.o" --specs=nano.specs -mfloat-abi=soft -mthumb -o "Core/Src/main.o"
arm-none-eabi-g++ -o "Panel.elf" @"objects.list"   -mcpu=cortex-m0plus -T"C:\robot\Japan2024-Software\MovingDisplay\Panel\STM32G030K6TX_FLASH.ld" --specs=nosys.specs -Wl,-Map="Panel.map" -Wl,--gc-sections -static --specs=nano.specs -mfloat-abi=soft -mthumb -Wl,--start-group -lc -lm -lstdc++ -lsupc++ -Wl,--end-group
Finished building target: Panel.elf
 
arm-none-eabi-size   Panel.elf 
arm-none-eabi-objdump -h -S  Panel.elf  > "Panel.list"
   text	   data	    bss	    dec	    hex	filename
  29408	     24	   3020	  32452	   7ec4	Panel.elf
Finished building: default.size.stdout
 
Finished building: Panel.list
 
02:56:47 **** Incremental Build of configuration Debug for project Panel ****
make -j8 all 
arm-none-eabi-g++ "../Core/Src/main.cpp" -mcpu=cortex-m0plus -std=gnu++14 -g3 -DDEBUG -DUSE_HAL_DRIVER -DSTM32G030xx -c -I../Core/Inc -I../Drivers/STM32G0xx_HAL_Driver/Inc -I../Drivers/STM32G0xx_HAL_Driver/Inc/Legacy -I../Drivers/CMSIS/Device/ST/STM32G0xx/Include -I../Drivers/CMSIS/Include -O0 -ffunction-sections -fdata-sections -fno-exceptions -fno-rtti -fno-use-cxa-atexit -Wall -fstack-usage -fcyclomatic-complexity -MMD -MP -MF"Core/Src/main.d" -MT"Core/Src/main.o" --specs=nano.specs -mfloat-abi=soft -mthumb -o "Core/Src/main.o"
arm-none-eabi-g++ -o "Panel.elf" @"objects.list"   -mcpu=cortex-m0plus -T"C:\robot\Japan2024-Software\MovingDisplay\Panel\STM32G030K6TX_FLASH.ld" --specs=nosys.specs -Wl,-Map="Panel.map" -Wl,--gc-sections -static --specs=nano.specs -mfloat-abi=soft -mthumb -Wl,--start-group -lc -lm -lstdc++ -lsupc++ -Wl,--end-group
Finished building target: Panel.elf
 
arm-none-eabi-size   Panel.elf 
arm-none-eabi-objdump -h -S  Panel.elf  > "Panel.list"
   text	   data	    bss	    dec	    hex	filename
  29412	     24	   3020	  32456	   7ec8	Panel.elf
Finished building: default.size.stdout
 
Finished building: Panel.list
 
02:57:13 **** Incremental Build of configuration Debug for project Panel ****
make -j8 all 
arm-none-eabi-g++ "../Core/Src/main.cpp" -mcpu=cortex-m0plus -std=gnu++14 -g3 -DDEBUG -DUSE_HAL_DRIVER -DSTM32G030xx -c -I../Core/Inc -I../Drivers/STM32G0xx_HAL_Driver/Inc -I../Drivers/STM32G0xx_HAL_Driver/Inc/Legacy -I../Drivers/CMSIS/Device/ST/STM32G0xx/Include -I../Drivers/CMSIS/Include -O0 -ffunction-sections -fdata-sections -fno-exceptions -fno-rtti -fno-use-cxa-atexit -Wall -fstack-usage -fcyclomatic-complexity -MMD -MP -MF"Core/Src/main.d" -MT"Core/Src/main.o" --specs=nano.specs -mfloat-abi=soft -mthumb -o "Core/Src/main.o"
arm-none-eabi-g++ -o "Panel.elf" @"objects.list"   -mcpu=cortex-m0plus -T"C:\robot\Japan2024-Software\MovingDisplay\Panel\STM32G030K6TX_FLASH.ld" --specs=nosys.specs -Wl,-Map="Panel.map" -Wl,--gc-sections -static --specs=nano.specs -mfloat-abi=soft -mthumb -Wl,--start-group -lc -lm -lstdc++ -lsupc++ -Wl,--end-group
Finished building target: Panel.elf
 
arm-none-eabi-size   Panel.elf 
arm-none-eabi-objdump -h -S  Panel.elf  > "Panel.list"
   text	   data	    bss	    dec	    hex	filename
  29408	     24	   3020	  32452	   7ec4	Panel.elf
Finished building: default.size.stdout
 
Finished building: Panel.list
 
03:00:08 **** Incremental Build of configuration Debug for project Panel ****
make -j8 all 
arm-none-eabi-g++ "../Core/Src/main.cpp" -mcpu=cortex-m0plus -std=gnu++14 -g3 -DDEBUG -DUSE_HAL_DRIVER -DSTM32G030xx -c -I../Core/Inc -I../Drivers/STM32G0xx_HAL_Driver/Inc -I../Drivers/STM32G0xx_HAL_Driver/Inc/Legacy -I../Drivers/CMSIS/Device/ST/STM32G0xx/Include -I../Drivers/CMSIS/Include -O0 -ffunction-sections -fdata-sections -fno-exceptions -fno-rtti -fno-use-cxa-atexit -Wall -fstack-usage -fcyclomatic-complexity -MMD -MP -MF"Core/Src/main.d" -MT"Core/Src/main.o" --specs=nano.specs -mfloat-abi=soft -mthumb -o "Core/Src/main.o"
arm-none-eabi-g++ -o "Panel.elf" @"objects.list"   -mcpu=cortex-m0plus -T"C:\robot\Japan2024-Software\MovingDisplay\Panel\STM32G030K6TX_FLASH.ld" --specs=nosys.specs -Wl,-Map="Panel.map" -Wl,--gc-sections -static --specs=nano.specs -mfloat-abi=soft -mthumb -Wl,--start-group -lc -lm -lstdc++ -lsupc++ -Wl,--end-group
Finished building target: Panel.elf
 
arm-none-eabi-size   Panel.elf 
arm-none-eabi-objdump -h -S  Panel.elf  > "Panel.list"
   text	   data	    bss	    dec	    hex	filename
  20848	     24	   3012	  23884	   5d4c	Panel.elf
Finished building: default.size.stdout
 
Finished building: Panel.list
 
03:00:45 **** Incremental Build of configuration Debug for project Panel ****
make -j8 all 
arm-none-eabi-size   Panel.elf 
   text	   data	    bss	    dec	    hex	filename
  20848	     24	   3012	  23884	   5d4c	Panel.elf
Finished building: default.size.stdout
 
03:01:18 **** Incremental Build of configuration Debug for project Panel ****
make -j8 all 
arm-none-eabi-g++ "../Core/Src/main.cpp" -mcpu=cortex-m0plus -std=gnu++14 -g3 -DDEBUG -DUSE_HAL_DRIVER -DSTM32G030xx -c -I../Core/Inc -I../Drivers/STM32G0xx_HAL_Driver/Inc -I../Drivers/STM32G0xx_HAL_Driver/Inc/Legacy -I../Drivers/CMSIS/Device/ST/STM32G0xx/Include -I../Drivers/CMSIS/Include -O0 -ffunction-sections -fdata-sections -fno-exceptions -fno-rtti -fno-use-cxa-atexit -Wall -fstack-usage -fcyclomatic-complexity -MMD -MP -MF"Core/Src/main.d" -MT"Core/Src/main.o" --specs=nano.specs -mfloat-abi=soft -mthumb -o "Core/Src/main.o"
arm-none-eabi-g++ -o "Panel.elf" @"objects.list"   -mcpu=cortex-m0plus -T"C:\robot\Japan2024-Software\MovingDisplay\Panel\STM32G030K6TX_FLASH.ld" --specs=nosys.specs -Wl,-Map="Panel.map" -Wl,--gc-sections -static --specs=nano.specs -mfloat-abi=soft -mthumb -Wl,--start-group -lc -lm -lstdc++ -lsupc++ -Wl,--end-group
Finished building target: Panel.elf
 
arm-none-eabi-size   Panel.elf 
arm-none-eabi-objdump -h -S  Panel.elf  > "Panel.list"
   text	   data	    bss	    dec	    hex	filename
  20844	     24	   3012	  23880	   5d48	Panel.elf
Finished building: default.size.stdout
 
Finished building: Panel.list
 
03:02:25 **** Incremental Build of configuration Debug for project Panel ****
make -j8 all 
arm-none-eabi-g++ "../Core/Src/main.cpp" -mcpu=cortex-m0plus -std=gnu++14 -g3 -DDEBUG -DUSE_HAL_DRIVER -DSTM32G030xx -c -I../Core/Inc -I../Drivers/STM32G0xx_HAL_Driver/Inc -I../Drivers/STM32G0xx_HAL_Driver/Inc/Legacy -I../Drivers/CMSIS/Device/ST/STM32G0xx/Include -I../Drivers/CMSIS/Include -O0 -ffunction-sections -fdata-sections -fno-exceptions -fno-rtti -fno-use-cxa-atexit -Wall -fstack-usage -fcyclomatic-complexity -MMD -MP -MF"Core/Src/main.d" -MT"Core/Src/main.o" --specs=nano.specs -mfloat-abi=soft -mthumb -o "Core/Src/main.o"
arm-none-eabi-g++ -o "Panel.elf" @"objects.list"   -mcpu=cortex-m0plus -T"C:\robot\Japan2024-Software\MovingDisplay\Panel\STM32G030K6TX_FLASH.ld" --specs=nosys.specs -Wl,-Map="Panel.map" -Wl,--gc-sections -static --specs=nano.specs -mfloat-abi=soft -mthumb -Wl,--start-group -lc -lm -lstdc++ -lsupc++ -Wl,--end-group
Finished building target: Panel.elf
 
arm-none-eabi-size   Panel.elf 
arm-none-eabi-objdump -h -S  Panel.elf  > "Panel.list"
   text	   data	    bss	    dec	    hex	filename
  20848	     24	   3012	  23884	   5d4c	Panel.elf
Finished building: default.size.stdout
 
Finished building: Panel.list
 
03:04:32 **** Incremental Build of configuration Debug for project Mother ****
make -j8 all 
arm-none-eabi-size   Mother.elf 
   text	   data	    bss	    dec	    hex	filename
  27152	    144	   1908	  29204	   7214	Mother.elf
Finished building: default.size.stdout
 
03:05:43 **** Incremental Build of configuration Debug for project Mother ****
make -j8 all 
arm-none-eabi-size   Mother.elf 
   text	   data	    bss	    dec	    hex	filename
  27152	    144	   1908	  29204	   7214	Mother.elf
Finished building: default.size.stdout
 
03:08:56 **** Incremental Build of configuration Debug for project Mother ****
make -j8 all 
arm-none-eabi-g++ "../Core/Src/main.cpp" -mcpu=cortex-m4 -std=gnu++14 -g3 -DDEBUG -DUSE_HAL_DRIVER -DSTM32F446xx -c -I../Core/Inc -I../Drivers/STM32F4xx_HAL_Driver/Inc -I../Drivers/STM32F4xx_HAL_Driver/Inc/Legacy -I../Drivers/CMSIS/Device/ST/STM32F4xx/Include -I../Drivers/CMSIS/Include -O0 -ffunction-sections -fdata-sections -fno-exceptions -fno-rtti -fno-use-cxa-atexit -Wall -fstack-usage -fcyclomatic-complexity -MMD -MP -MF"Core/Src/main.d" -MT"Core/Src/main.o" --specs=nano.specs -mfpu=fpv4-sp-d16 -mfloat-abi=hard -mthumb -o "Core/Src/main.o"
../Core/Src/main.cpp: In function 'int main()':
../Core/Src/main.cpp:146:14: warning: unused variable 'q' [-Wunused-variable]
  146 |   QUATERNION q;
      |              ^
arm-none-eabi-g++ -o "Mother.elf" @"objects.list"   -mcpu=cortex-m4 -T"C:\robot\Japan2024-Software\MovingDisplay\Mother\STM32F446RETX_FLASH.ld" --specs=nosys.specs -Wl,-Map="Mother.map" -Wl,--gc-sections -static --specs=nano.specs -mfpu=fpv4-sp-d16 -mfloat-abi=hard -mthumb -Wl,--start-group -lc -lm -lstdc++ -lsupc++ -Wl,--end-group
Finished building target: Mother.elf
 
arm-none-eabi-size   Mother.elf 
arm-none-eabi-objdump -h -S  Mother.elf  > "Mother.list"
   text	   data	    bss	    dec	    hex	filename
  27152	    144	   1908	  29204	   7214	Mother.elf
Finished building: default.size.stdout
 
Finished building: Mother.list
 
03:10:02 **** Incremental Build of configuration Debug for project Mother ****
make -j8 all 
arm-none-eabi-g++ "../Core/Src/main.cpp" -mcpu=cortex-m4 -std=gnu++14 -g3 -DDEBUG -DUSE_HAL_DRIVER -DSTM32F446xx -c -I../Core/Inc -I../Drivers/STM32F4xx_HAL_Driver/Inc -I../Drivers/STM32F4xx_HAL_Driver/Inc/Legacy -I../Drivers/CMSIS/Device/ST/STM32F4xx/Include -I../Drivers/CMSIS/Include -O0 -ffunction-sections -fdata-sections -fno-exceptions -fno-rtti -fno-use-cxa-atexit -Wall -fstack-usage -fcyclomatic-complexity -MMD -MP -MF"Core/Src/main.d" -MT"Core/Src/main.o" --specs=nano.specs -mfpu=fpv4-sp-d16 -mfloat-abi=hard -mthumb -o "Core/Src/main.o"
../Core/Src/main.cpp: In function 'int main()':
../Core/Src/main.cpp:146:14: warning: unused variable 'q' [-Wunused-variable]
  146 |   QUATERNION q;
      |              ^
arm-none-eabi-g++ -o "Mother.elf" @"objects.list"   -mcpu=cortex-m4 -T"C:\robot\Japan2024-Software\MovingDisplay\Mother\STM32F446RETX_FLASH.ld" --specs=nosys.specs -Wl,-Map="Mother.map" -Wl,--gc-sections -static --specs=nano.specs -mfpu=fpv4-sp-d16 -mfloat-abi=hard -mthumb -Wl,--start-group -lc -lm -lstdc++ -lsupc++ -Wl,--end-group
Finished building target: Mother.elf
 
arm-none-eabi-size   Mother.elf 
arm-none-eabi-objdump -h -S  Mother.elf  > "Mother.list"
   text	   data	    bss	    dec	    hex	filename
  27152	    144	   1908	  29204	   7214	Mother.elf
Finished building: default.size.stdout
 
Finished building: Mother.list
 
03:46:35 **** Incremental Build of configuration Debug for project Mother ****
make -j8 all 
arm-none-eabi-g++ "../Core/Src/main.cpp" -mcpu=cortex-m4 -std=gnu++14 -g3 -DDEBUG -DUSE_HAL_DRIVER -DSTM32F446xx -c -I../Core/Inc -I../Drivers/STM32F4xx_HAL_Driver/Inc -I../Drivers/STM32F4xx_HAL_Driver/Inc/Legacy -I../Drivers/CMSIS/Device/ST/STM32F4xx/Include -I../Drivers/CMSIS/Include -O0 -ffunction-sections -fdata-sections -fno-exceptions -fno-rtti -fno-use-cxa-atexit -Wall -fstack-usage -fcyclomatic-complexity -MMD -MP -MF"Core/Src/main.d" -MT"Core/Src/main.o" --specs=nano.specs -mfpu=fpv4-sp-d16 -mfloat-abi=hard -mthumb -o "Core/Src/main.o"
../Core/Src/main.cpp: In function 'int main()':
../Core/Src/main.cpp:179:4: error: 'send_array' was not declared in this scope; did you mean 'test_array'?
  179 |    send_array[1] = -1 * (k%20);
      |    ^~~~~~~~~~
      |    test_array
../Core/Src/main.cpp:147:14: warning: unused variable 'q' [-Wunused-variable]
  147 |   QUATERNION q;
      |              ^
make: *** [Core/Src/subdir.mk:47: Core/Src/main.o] Error 1
"make -j8 all" terminated with exit code 2. Build might be incomplete.
03:47:01 **** Incremental Build of configuration Debug for project Mother ****
make -j8 all 
arm-none-eabi-g++ "../Core/Src/main.cpp" -mcpu=cortex-m4 -std=gnu++14 -g3 -DDEBUG -DUSE_HAL_DRIVER -DSTM32F446xx -c -I../Core/Inc -I../Drivers/STM32F4xx_HAL_Driver/Inc -I../Drivers/STM32F4xx_HAL_Driver/Inc/Legacy -I../Drivers/CMSIS/Device/ST/STM32F4xx/Include -I../Drivers/CMSIS/Include -O0 -ffunction-sections -fdata-sections -fno-exceptions -fno-rtti -fno-use-cxa-atexit -Wall -fstack-usage -fcyclomatic-complexity -MMD -MP -MF"Core/Src/main.d" -MT"Core/Src/main.o" --specs=nano.specs -mfpu=fpv4-sp-d16 -mfloat-abi=hard -mthumb -o "Core/Src/main.o"
../Core/Src/main.cpp: In function 'int main()':
../Core/Src/main.cpp:147:14: warning: unused variable 'q' [-Wunused-variable]
  147 |   QUATERNION q;
      |              ^
arm-none-eabi-g++ -o "Mother.elf" @"objects.list"   -mcpu=cortex-m4 -T"C:\robot\Japan2024-Software\MovingDisplay\Mother\STM32F446RETX_FLASH.ld" --specs=nosys.specs -Wl,-Map="Mother.map" -Wl,--gc-sections -static --specs=nano.specs -mfpu=fpv4-sp-d16 -mfloat-abi=hard -mthumb -Wl,--start-group -lc -lm -lstdc++ -lsupc++ -Wl,--end-group
Finished building target: Mother.elf
 
arm-none-eabi-size   Mother.elf 
arm-none-eabi-objdump -h -S  Mother.elf  > "Mother.list"
   text	   data	    bss	    dec	    hex	filename
  27232	    144	   1908	  29284	   7264	Mother.elf
Finished building: default.size.stdout
 
Finished building: Mother.list
 
03:47:21 **** Incremental Build of configuration Debug for project Mother ****
make -j8 all 
arm-none-eabi-size   Mother.elf 
   text	   data	    bss	    dec	    hex	filename
  27232	    144	   1908	  29284	   7264	Mother.elf
Finished building: default.size.stdout
 
03:48:27 **** Incremental Build of configuration Debug for project Mother ****
make -j8 all 
arm-none-eabi-g++ "../Core/Src/main.cpp" -mcpu=cortex-m4 -std=gnu++14 -g3 -DDEBUG -DUSE_HAL_DRIVER -DSTM32F446xx -c -I../Core/Inc -I../Drivers/STM32F4xx_HAL_Driver/Inc -I../Drivers/STM32F4xx_HAL_Driver/Inc/Legacy -I../Drivers/CMSIS/Device/ST/STM32F4xx/Include -I../Drivers/CMSIS/Include -O0 -ffunction-sections -fdata-sections -fno-exceptions -fno-rtti -fno-use-cxa-atexit -Wall -fstack-usage -fcyclomatic-complexity -MMD -MP -MF"Core/Src/main.d" -MT"Core/Src/main.o" --specs=nano.specs -mfpu=fpv4-sp-d16 -mfloat-abi=hard -mthumb -o "Core/Src/main.o"
../Core/Src/main.cpp: In function 'int main()':
../Core/Src/main.cpp:147:14: warning: unused variable 'q' [-Wunused-variable]
  147 |   QUATERNION q;
      |              ^
arm-none-eabi-g++ -o "Mother.elf" @"objects.list"   -mcpu=cortex-m4 -T"C:\robot\Japan2024-Software\MovingDisplay\Mother\STM32F446RETX_FLASH.ld" --specs=nosys.specs -Wl,-Map="Mother.map" -Wl,--gc-sections -static --specs=nano.specs -mfpu=fpv4-sp-d16 -mfloat-abi=hard -mthumb -Wl,--start-group -lc -lm -lstdc++ -lsupc++ -Wl,--end-group
Finished building target: Mother.elf
 
arm-none-eabi-size   Mother.elf 
arm-none-eabi-objdump -h -S  Mother.elf  > "Mother.list"
   text	   data	    bss	    dec	    hex	filename
  27232	    144	   1908	  29284	   7264	Mother.elf
Finished building: default.size.stdout
 
Finished building: Mother.list
 
03:49:11 **** Incremental Build of configuration Debug for project Mother ****
make -j8 all 
arm-none-eabi-g++ "../Core/Src/main.cpp" -mcpu=cortex-m4 -std=gnu++14 -g3 -DDEBUG -DUSE_HAL_DRIVER -DSTM32F446xx -c -I../Core/Inc -I../Drivers/STM32F4xx_HAL_Driver/Inc -I../Drivers/STM32F4xx_HAL_Driver/Inc/Legacy -I../Drivers/CMSIS/Device/ST/STM32F4xx/Include -I../Drivers/CMSIS/Include -O0 -ffunction-sections -fdata-sections -fno-exceptions -fno-rtti -fno-use-cxa-atexit -Wall -fstack-usage -fcyclomatic-complexity -MMD -MP -MF"Core/Src/main.d" -MT"Core/Src/main.o" --specs=nano.specs -mfpu=fpv4-sp-d16 -mfloat-abi=hard -mthumb -o "Core/Src/main.o"
../Core/Src/main.cpp: In function 'int main()':
../Core/Src/main.cpp:147:14: warning: unused variable 'q' [-Wunused-variable]
  147 |   QUATERNION q;
      |              ^
arm-none-eabi-g++ -o "Mother.elf" @"objects.list"   -mcpu=cortex-m4 -T"C:\robot\Japan2024-Software\MovingDisplay\Mother\STM32F446RETX_FLASH.ld" --specs=nosys.specs -Wl,-Map="Mother.map" -Wl,--gc-sections -static --specs=nano.specs -mfpu=fpv4-sp-d16 -mfloat-abi=hard -mthumb -Wl,--start-group -lc -lm -lstdc++ -lsupc++ -Wl,--end-group
Finished building target: Mother.elf
 
arm-none-eabi-size   Mother.elf 
arm-none-eabi-objdump -h -S  Mother.elf  > "Mother.list"
   text	   data	    bss	    dec	    hex	filename
  27224	    144	   1908	  29276	   725c	Mother.elf
Finished building: default.size.stdout
 
Finished building: Mother.list
 
03:50:05 **** Incremental Build of configuration Debug for project Mother ****
make -j8 all 
arm-none-eabi-g++ "../Core/Src/main.cpp" -mcpu=cortex-m4 -std=gnu++14 -g3 -DDEBUG -DUSE_HAL_DRIVER -DSTM32F446xx -c -I../Core/Inc -I../Drivers/STM32F4xx_HAL_Driver/Inc -I../Drivers/STM32F4xx_HAL_Driver/Inc/Legacy -I../Drivers/CMSIS/Device/ST/STM32F4xx/Include -I../Drivers/CMSIS/Include -O0 -ffunction-sections -fdata-sections -fno-exceptions -fno-rtti -fno-use-cxa-atexit -Wall -fstack-usage -fcyclomatic-complexity -MMD -MP -MF"Core/Src/main.d" -MT"Core/Src/main.o" --specs=nano.specs -mfpu=fpv4-sp-d16 -mfloat-abi=hard -mthumb -o "Core/Src/main.o"
../Core/Src/main.cpp: In function 'int main()':
../Core/Src/main.cpp:147:14: warning: unused variable 'q' [-Wunused-variable]
  147 |   QUATERNION q;
      |              ^
arm-none-eabi-g++ -o "Mother.elf" @"objects.list"   -mcpu=cortex-m4 -T"C:\robot\Japan2024-Software\MovingDisplay\Mother\STM32F446RETX_FLASH.ld" --specs=nosys.specs -Wl,-Map="Mother.map" -Wl,--gc-sections -static --specs=nano.specs -mfpu=fpv4-sp-d16 -mfloat-abi=hard -mthumb -Wl,--start-group -lc -lm -lstdc++ -lsupc++ -Wl,--end-group
Finished building target: Mother.elf
 
arm-none-eabi-size   Mother.elf 
arm-none-eabi-objdump -h -S  Mother.elf  > "Mother.list"
   text	   data	    bss	    dec	    hex	filename
  27224	    144	   1908	  29276	   725c	Mother.elf
Finished building: default.size.stdout
 
Finished building: Mother.list
 
03:51:01 **** Incremental Build of configuration Debug for project Mother ****
make -j8 all 
arm-none-eabi-g++ "../Core/Src/main.cpp" -mcpu=cortex-m4 -std=gnu++14 -g3 -DDEBUG -DUSE_HAL_DRIVER -DSTM32F446xx -c -I../Core/Inc -I../Drivers/STM32F4xx_HAL_Driver/Inc -I../Drivers/STM32F4xx_HAL_Driver/Inc/Legacy -I../Drivers/CMSIS/Device/ST/STM32F4xx/Include -I../Drivers/CMSIS/Include -O0 -ffunction-sections -fdata-sections -fno-exceptions -fno-rtti -fno-use-cxa-atexit -Wall -fstack-usage -fcyclomatic-complexity -MMD -MP -MF"Core/Src/main.d" -MT"Core/Src/main.o" --specs=nano.specs -mfpu=fpv4-sp-d16 -mfloat-abi=hard -mthumb -o "Core/Src/main.o"
../Core/Src/main.cpp: In function 'int main()':
../Core/Src/main.cpp:147:14: warning: unused variable 'q' [-Wunused-variable]
  147 |   QUATERNION q;
      |              ^
arm-none-eabi-g++ -o "Mother.elf" @"objects.list"   -mcpu=cortex-m4 -T"C:\robot\Japan2024-Software\MovingDisplay\Mother\STM32F446RETX_FLASH.ld" --specs=nosys.specs -Wl,-Map="Mother.map" -Wl,--gc-sections -static --specs=nano.specs -mfpu=fpv4-sp-d16 -mfloat-abi=hard -mthumb -Wl,--start-group -lc -lm -lstdc++ -lsupc++ -Wl,--end-group
Finished building target: Mother.elf
 
arm-none-eabi-size   Mother.elf 
arm-none-eabi-objdump -h -S  Mother.elf  > "Mother.list"
   text	   data	    bss	    dec	    hex	filename
  27224	    144	   1908	  29276	   725c	Mother.elf
Finished building: default.size.stdout
 
Finished building: Mother.list
 
05:56:35 **** Incremental Build of configuration Debug for project Panel ****
make -j8 all 
arm-none-eabi-g++ "../Core/Src/main.cpp" -mcpu=cortex-m0plus -std=gnu++14 -g3 -DDEBUG -DUSE_HAL_DRIVER -DSTM32G030xx -c -I../Core/Inc -I../Drivers/STM32G0xx_HAL_Driver/Inc -I../Drivers/STM32G0xx_HAL_Driver/Inc/Legacy -I../Drivers/CMSIS/Device/ST/STM32G0xx/Include -I../Drivers/CMSIS/Include -O0 -ffunction-sections -fdata-sections -fno-exceptions -fno-rtti -fno-use-cxa-atexit -Wall -fstack-usage -fcyclomatic-complexity -MMD -MP -MF"Core/Src/main.d" -MT"Core/Src/main.o" --specs=nano.specs -mfloat-abi=soft -mthumb -o "Core/Src/main.o"
arm-none-eabi-g++ -o "Panel.elf" @"objects.list"   -mcpu=cortex-m0plus -T"C:\robot\Japan2024-Software\MovingDisplay\Panel\STM32G030K6TX_FLASH.ld" --specs=nosys.specs -Wl,-Map="Panel.map" -Wl,--gc-sections -static --specs=nano.specs -mfloat-abi=soft -mthumb -Wl,--start-group -lc -lm -lstdc++ -lsupc++ -Wl,--end-group
Finished building target: Panel.elf
 
arm-none-eabi-size   Panel.elf 
arm-none-eabi-objdump -h -S  Panel.elf  > "Panel.list"
   text	   data	    bss	    dec	    hex	filename
  22400	     24	   3012	  25436	   635c	Panel.elf
Finished building: default.size.stdout
 
Finished building: Panel.list
 
05:58:24 **** Incremental Build of configuration Debug for project Panel ****
make -j8 all 
arm-none-eabi-g++ "../Core/Src/main.cpp" -mcpu=cortex-m0plus -std=gnu++14 -g3 -DDEBUG -DUSE_HAL_DRIVER -DSTM32G030xx -c -I../Core/Inc -I../Drivers/STM32G0xx_HAL_Driver/Inc -I../Drivers/STM32G0xx_HAL_Driver/Inc/Legacy -I../Drivers/CMSIS/Device/ST/STM32G0xx/Include -I../Drivers/CMSIS/Include -O0 -ffunction-sections -fdata-sections -fno-exceptions -fno-rtti -fno-use-cxa-atexit -Wall -fstack-usage -fcyclomatic-complexity -MMD -MP -MF"Core/Src/main.d" -MT"Core/Src/main.o" --specs=nano.specs -mfloat-abi=soft -mthumb -o "Core/Src/main.o"
arm-none-eabi-g++ -o "Panel.elf" @"objects.list"   -mcpu=cortex-m0plus -T"C:\robot\Japan2024-Software\MovingDisplay\Panel\STM32G030K6TX_FLASH.ld" --specs=nosys.specs -Wl,-Map="Panel.map" -Wl,--gc-sections -static --specs=nano.specs -mfloat-abi=soft -mthumb -Wl,--start-group -lc -lm -lstdc++ -lsupc++ -Wl,--end-group
Finished building target: Panel.elf
 
arm-none-eabi-size   Panel.elf 
arm-none-eabi-objdump -h -S  Panel.elf  > "Panel.list"
   text	   data	    bss	    dec	    hex	filename
  22416	     24	   3020	  25460	   6374	Panel.elf
Finished building: default.size.stdout
 
Finished building: Panel.list
 
06:00:18 **** Incremental Build of configuration Debug for project Panel ****
make -j8 all 
arm-none-eabi-g++ "../Core/Src/main.cpp" -mcpu=cortex-m0plus -std=gnu++14 -g3 -DDEBUG -DUSE_HAL_DRIVER -DSTM32G030xx -c -I../Core/Inc -I../Drivers/STM32G0xx_HAL_Driver/Inc -I../Drivers/STM32G0xx_HAL_Driver/Inc/Legacy -I../Drivers/CMSIS/Device/ST/STM32G0xx/Include -I../Drivers/CMSIS/Include -O0 -ffunction-sections -fdata-sections -fno-exceptions -fno-rtti -fno-use-cxa-atexit -Wall -fstack-usage -fcyclomatic-complexity -MMD -MP -MF"Core/Src/main.d" -MT"Core/Src/main.o" --specs=nano.specs -mfloat-abi=soft -mthumb -o "Core/Src/main.o"
arm-none-eabi-g++ -o "Panel.elf" @"objects.list"   -mcpu=cortex-m0plus -T"C:\robot\Japan2024-Software\MovingDisplay\Panel\STM32G030K6TX_FLASH.ld" --specs=nosys.specs -Wl,-Map="Panel.map" -Wl,--gc-sections -static --specs=nano.specs -mfloat-abi=soft -mthumb -Wl,--start-group -lc -lm -lstdc++ -lsupc++ -Wl,--end-group
Finished building target: Panel.elf
 
arm-none-eabi-size   Panel.elf 
arm-none-eabi-objdump -h -S  Panel.elf  > "Panel.list"
   text	   data	    bss	    dec	    hex	filename
  20872	     24	   3020	  23916	   5d6c	Panel.elf
Finished building: default.size.stdout
 
Finished building: Panel.list
 
06:02:09 **** Incremental Build of configuration Debug for project Panel ****
make -j8 all 
arm-none-eabi-g++ "../Core/Src/main.cpp" -mcpu=cortex-m0plus -std=gnu++14 -g3 -DDEBUG -DUSE_HAL_DRIVER -DSTM32G030xx -c -I../Core/Inc -I../Drivers/STM32G0xx_HAL_Driver/Inc -I../Drivers/STM32G0xx_HAL_Driver/Inc/Legacy -I../Drivers/CMSIS/Device/ST/STM32G0xx/Include -I../Drivers/CMSIS/Include -O0 -ffunction-sections -fdata-sections -fno-exceptions -fno-rtti -fno-use-cxa-atexit -Wall -fstack-usage -fcyclomatic-complexity -MMD -MP -MF"Core/Src/main.d" -MT"Core/Src/main.o" --specs=nano.specs -mfloat-abi=soft -mthumb -o "Core/Src/main.o"
arm-none-eabi-g++ -o "Panel.elf" @"objects.list"   -mcpu=cortex-m0plus -T"C:\robot\Japan2024-Software\MovingDisplay\Panel\STM32G030K6TX_FLASH.ld" --specs=nosys.specs -Wl,-Map="Panel.map" -Wl,--gc-sections -static --specs=nano.specs -mfloat-abi=soft -mthumb -Wl,--start-group -lc -lm -lstdc++ -lsupc++ -Wl,--end-group
Finished building target: Panel.elf
 
arm-none-eabi-size   Panel.elf 
arm-none-eabi-objdump -h -S  Panel.elf  > "Panel.list"
   text	   data	    bss	    dec	    hex	filename
  20872	     24	   3020	  23916	   5d6c	Panel.elf
Finished building: default.size.stdout
 
Finished building: Panel.list
 
06:02:42 **** Incremental Build of configuration Debug for project Panel ****
make -j8 all 
arm-none-eabi-g++ "../Core/Src/main.cpp" -mcpu=cortex-m0plus -std=gnu++14 -g3 -DDEBUG -DUSE_HAL_DRIVER -DSTM32G030xx -c -I../Core/Inc -I../Drivers/STM32G0xx_HAL_Driver/Inc -I../Drivers/STM32G0xx_HAL_Driver/Inc/Legacy -I../Drivers/CMSIS/Device/ST/STM32G0xx/Include -I../Drivers/CMSIS/Include -O0 -ffunction-sections -fdata-sections -fno-exceptions -fno-rtti -fno-use-cxa-atexit -Wall -fstack-usage -fcyclomatic-complexity -MMD -MP -MF"Core/Src/main.d" -MT"Core/Src/main.o" --specs=nano.specs -mfloat-abi=soft -mthumb -o "Core/Src/main.o"
arm-none-eabi-g++ -o "Panel.elf" @"objects.list"   -mcpu=cortex-m0plus -T"C:\robot\Japan2024-Software\MovingDisplay\Panel\STM32G030K6TX_FLASH.ld" --specs=nosys.specs -Wl,-Map="Panel.map" -Wl,--gc-sections -static --specs=nano.specs -mfloat-abi=soft -mthumb -Wl,--start-group -lc -lm -lstdc++ -lsupc++ -Wl,--end-group
Finished building target: Panel.elf
 
arm-none-eabi-size   Panel.elf 
arm-none-eabi-objdump -h -S  Panel.elf  > "Panel.list"
   text	   data	    bss	    dec	    hex	filename
  22416	     24	   3020	  25460	   6374	Panel.elf
Finished building: default.size.stdout
 
Finished building: Panel.list
 
06:03:50 **** Incremental Build of configuration Debug for project Panel ****
make -j8 all 
arm-none-eabi-g++ "../Core/Src/led.cpp" -mcpu=cortex-m0plus -std=gnu++14 -g3 -DDEBUG -DUSE_HAL_DRIVER -DSTM32G030xx -c -I../Core/Inc -I../Drivers/STM32G0xx_HAL_Driver/Inc -I../Drivers/STM32G0xx_HAL_Driver/Inc/Legacy -I../Drivers/CMSIS/Device/ST/STM32G0xx/Include -I../Drivers/CMSIS/Include -O0 -ffunction-sections -fdata-sections -fno-exceptions -fno-rtti -fno-use-cxa-atexit -Wall -fstack-usage -fcyclomatic-complexity -MMD -MP -MF"Core/Src/led.d" -MT"Core/Src/led.o" --specs=nano.specs -mfloat-abi=soft -mthumb -o "Core/Src/led.o"
arm-none-eabi-g++ -o "Panel.elf" @"objects.list"   -mcpu=cortex-m0plus -T"C:\robot\Japan2024-Software\MovingDisplay\Panel\STM32G030K6TX_FLASH.ld" --specs=nosys.specs -Wl,-Map="Panel.map" -Wl,--gc-sections -static --specs=nano.specs -mfloat-abi=soft -mthumb -Wl,--start-group -lc -lm -lstdc++ -lsupc++ -Wl,--end-group
Finished building target: Panel.elf
 
arm-none-eabi-size   Panel.elf 
arm-none-eabi-objdump -h -S  Panel.elf  > "Panel.list"
   text	   data	    bss	    dec	    hex	filename
  22416	     24	   3020	  25460	   6374	Panel.elf
Finished building: default.size.stdout
 
Finished building: Panel.list
 
06:04:40 **** Incremental Build of configuration Debug for project Panel ****
make -j8 all 
arm-none-eabi-g++ "../Core/Src/led.cpp" -mcpu=cortex-m0plus -std=gnu++14 -g3 -DDEBUG -DUSE_HAL_DRIVER -DSTM32G030xx -c -I../Core/Inc -I../Drivers/STM32G0xx_HAL_Driver/Inc -I../Drivers/STM32G0xx_HAL_Driver/Inc/Legacy -I../Drivers/CMSIS/Device/ST/STM32G0xx/Include -I../Drivers/CMSIS/Include -O0 -ffunction-sections -fdata-sections -fno-exceptions -fno-rtti -fno-use-cxa-atexit -Wall -fstack-usage -fcyclomatic-complexity -MMD -MP -MF"Core/Src/led.d" -MT"Core/Src/led.o" --specs=nano.specs -mfloat-abi=soft -mthumb -o "Core/Src/led.o"
arm-none-eabi-g++ -o "Panel.elf" @"objects.list"   -mcpu=cortex-m0plus -T"C:\robot\Japan2024-Software\MovingDisplay\Panel\STM32G030K6TX_FLASH.ld" --specs=nosys.specs -Wl,-Map="Panel.map" -Wl,--gc-sections -static --specs=nano.specs -mfloat-abi=soft -mthumb -Wl,--start-group -lc -lm -lstdc++ -lsupc++ -Wl,--end-group
Finished building target: Panel.elf
 
arm-none-eabi-size   Panel.elf 
arm-none-eabi-objdump -h -S  Panel.elf  > "Panel.list"
   text	   data	    bss	    dec	    hex	filename
  22416	     24	   3020	  25460	   6374	Panel.elf
Finished building: default.size.stdout
 
Finished building: Panel.list
 
06:05:16 **** Incremental Build of configuration Debug for project Panel ****
make -j8 all 
arm-none-eabi-g++ "../Core/Src/led.cpp" -mcpu=cortex-m0plus -std=gnu++14 -g3 -DDEBUG -DUSE_HAL_DRIVER -DSTM32G030xx -c -I../Core/Inc -I../Drivers/STM32G0xx_HAL_Driver/Inc -I../Drivers/STM32G0xx_HAL_Driver/Inc/Legacy -I../Drivers/CMSIS/Device/ST/STM32G0xx/Include -I../Drivers/CMSIS/Include -O0 -ffunction-sections -fdata-sections -fno-exceptions -fno-rtti -fno-use-cxa-atexit -Wall -fstack-usage -fcyclomatic-complexity -MMD -MP -MF"Core/Src/led.d" -MT"Core/Src/led.o" --specs=nano.specs -mfloat-abi=soft -mthumb -o "Core/Src/led.o"
arm-none-eabi-g++ -o "Panel.elf" @"objects.list"   -mcpu=cortex-m0plus -T"C:\robot\Japan2024-Software\MovingDisplay\Panel\STM32G030K6TX_FLASH.ld" --specs=nosys.specs -Wl,-Map="Panel.map" -Wl,--gc-sections -static --specs=nano.specs -mfloat-abi=soft -mthumb -Wl,--start-group -lc -lm -lstdc++ -lsupc++ -Wl,--end-group
Finished building target: Panel.elf
 
arm-none-eabi-size   Panel.elf 
arm-none-eabi-objdump -h -S  Panel.elf  > "Panel.list"
   text	   data	    bss	    dec	    hex	filename
  22416	     24	   3020	  25460	   6374	Panel.elf
Finished building: default.size.stdout
 
Finished building: Panel.list
 
06:06:35 **** Incremental Build of configuration Debug for project Panel ****
make -j8 all 
arm-none-eabi-size   Panel.elf 
   text	   data	    bss	    dec	    hex	filename
  22416	     24	   3020	  25460	   6374	Panel.elf
Finished building: default.size.stdout
 
06:07:45 **** Incremental Build of configuration Debug for project Panel ****
make -j8 all 
arm-none-eabi-size   Panel.elf 
   text	   data	    bss	    dec	    hex	filename
  22416	     24	   3020	  25460	   6374	Panel.elf
Finished building: default.size.stdout
 
06:09:01 **** Incremental Build of configuration Debug for project Panel ****
make -j8 all 
arm-none-eabi-size   Panel.elf 
   text	   data	    bss	    dec	    hex	filename
  22416	     24	   3020	  25460	   6374	Panel.elf
Finished building: default.size.stdout
 
06:14:28 **** Incremental Build of configuration Debug for project Panel ****
make -j8 all 
arm-none-eabi-size   Panel.elf 
   text	   data	    bss	    dec	    hex	filename
  22416	     24	   3020	  25460	   6374	Panel.elf
Finished building: default.size.stdout
 
06:14:50 **** Incremental Build of configuration Debug for project Panel ****
make -j8 all 
arm-none-eabi-size   Panel.elf 
   text	   data	    bss	    dec	    hex	filename
  22416	     24	   3020	  25460	   6374	Panel.elf
Finished building: default.size.stdout
 
06:16:50 **** Incremental Build of configuration Debug for project Panel ****
make -j8 all 
arm-none-eabi-size   Panel.elf 
   text	   data	    bss	    dec	    hex	filename
  22416	     24	   3020	  25460	   6374	Panel.elf
Finished building: default.size.stdout
 
06:17:06 **** Incremental Build of configuration Debug for project Panel ****
make -j8 all 
arm-none-eabi-size   Panel.elf 
   text	   data	    bss	    dec	    hex	filename
  22416	     24	   3020	  25460	   6374	Panel.elf
Finished building: default.size.stdout
 
06:18:13 **** Incremental Build of configuration Debug for project Panel ****
make -j8 all 
arm-none-eabi-size   Panel.elf 
   text	   data	    bss	    dec	    hex	filename
  22416	     24	   3020	  25460	   6374	Panel.elf
Finished building: default.size.stdout
 
06:18:59 **** Incremental Build of configuration Debug for project Panel ****
make -j8 all 
arm-none-eabi-size   Panel.elf 
   text	   data	    bss	    dec	    hex	filename
  22416	     24	   3020	  25460	   6374	Panel.elf
Finished building: default.size.stdout
 
06:22:20 **** Incremental Build of configuration Debug for project Panel ****
make -j8 all 
arm-none-eabi-size   Panel.elf 
   text	   data	    bss	    dec	    hex	filename
  22416	     24	   3020	  25460	   6374	Panel.elf
Finished building: default.size.stdout
 
06:23:07 **** Incremental Build of configuration Debug for project Panel ****
make -j8 all 
arm-none-eabi-g++ "../Core/Src/main.cpp" -mcpu=cortex-m0plus -std=gnu++14 -g3 -DDEBUG -DUSE_HAL_DRIVER -DSTM32G030xx -c -I../Core/Inc -I../Drivers/STM32G0xx_HAL_Driver/Inc -I../Drivers/STM32G0xx_HAL_Driver/Inc/Legacy -I../Drivers/CMSIS/Device/ST/STM32G0xx/Include -I../Drivers/CMSIS/Include -O0 -ffunction-sections -fdata-sections -fno-exceptions -fno-rtti -fno-use-cxa-atexit -Wall -fstack-usage -fcyclomatic-complexity -MMD -MP -MF"Core/Src/main.d" -MT"Core/Src/main.o" --specs=nano.specs -mfloat-abi=soft -mthumb -o "Core/Src/main.o"
arm-none-eabi-g++ -o "Panel.elf" @"objects.list"   -mcpu=cortex-m0plus -T"C:\robot\Japan2024-Software\MovingDisplay\Panel\STM32G030K6TX_FLASH.ld" --specs=nosys.specs -Wl,-Map="Panel.map" -Wl,--gc-sections -static --specs=nano.specs -mfloat-abi=soft -mthumb -Wl,--start-group -lc -lm -lstdc++ -lsupc++ -Wl,--end-group
Finished building target: Panel.elf
 
arm-none-eabi-size   Panel.elf 
arm-none-eabi-objdump -h -S  Panel.elf  > "Panel.list"
   text	   data	    bss	    dec	    hex	filename
  22416	     24	   3020	  25460	   6374	Panel.elf
Finished building: default.size.stdout
 
Finished building: Panel.list
 
06:24:49 **** Incremental Build of configuration Debug for project Panel ****
make -j8 all 
arm-none-eabi-size   Panel.elf 
   text	   data	    bss	    dec	    hex	filename
  22416	     24	   3020	  25460	   6374	Panel.elf
Finished building: default.size.stdout
 
