22:21:57 **** Incremental Build of configuration Debug for project Mother ****
make -j8 all 
arm-none-eabi-g++ "../Core/Src/main.cpp" -mcpu=cortex-m4 -std=gnu++14 -g3 -DDEBUG -DUSE_HAL_DRIVER -DSTM32F446xx -c -I../Core/Inc -I../Drivers/STM32F4xx_HAL_Driver/Inc -I../Drivers/STM32F4xx_HAL_Driver/Inc/Legacy -I../Drivers/CMSIS/Device/ST/STM32F4xx/Include -I../Drivers/CMSIS/Include -O0 -ffunction-sections -fdata-sections -fno-exceptions -fno-rtti -fno-use-cxa-atexit -Wall -fstack-usage -fcyclomatic-complexity -MMD -MP -MF"Core/Src/main.d" -MT"Core/Src/main.o" --specs=nano.specs -mfpu=fpv4-sp-d16 -mfloat-abi=hard -mthumb -o "Core/Src/main.o"
../Core/Src/main.cpp:85:19: warning: built-in function 'index' declared as non-function [-Wbuiltin-declaration-mismatch]
   85 | volatile uint32_t index;
      |                   ^~~~~
../Core/Src/main.cpp: In function 'int main()':
../Core/Src/main.cpp:231:14: warning: unused variable 'q' [-Wunused-variable]
  231 |   QUATERNION q;
      |              ^
../Core/Src/main.cpp: In function 'void check_TWEbuf()':
../Core/Src/main.cpp:584:22: warning: comparison of integer expressions of different signedness: 'int' and 'unsigned int' [-Wsign-compare]
  584 |     if(read_buf_point>sizeof(rxBuf)-1){read_buf_point = read_buf_point - sizeof(rxBuf);}
      |        ~~~~~~~~~~~~~~^~~~~~~~~~~~~~~~
../Core/Src/main.cpp:590:21: warning: comparison of integer expressions of different signedness: 'int' and 'unsigned int' [-Wsign-compare]
  590 |   if(check_buf_point>sizeof(rxBuf)-1){check_buf_point = check_buf_point - sizeof(rxBuf);}
      |      ~~~~~~~~~~~~~~~^~~~~~~~~~~~~~~~
../Core/Src/main.cpp:591:21: warning: comparison of integer expressions of different signedness: 'int' and 'volatile uint32_t' {aka 'volatile long unsigned int'} [-Wsign-compare]
  591 |   if(check_buf_point==index){break;}
      |      ~~~~~~~~~~~~~~~^~~~~~~
arm-none-eabi-g++ -o "Mother.elf" @"objects.list"   -mcpu=cortex-m4 -T"C:\robot\Japan2024-Software\MovingDisplay\Mother\STM32F446RETX_FLASH.ld" --specs=nosys.specs -Wl,-Map="Mother.map" -Wl,--gc-sections -static --specs=nano.specs -mfpu=fpv4-sp-d16 -mfloat-abi=hard -mthumb -Wl,--start-group -lc -lm -lstdc++ -lsupc++ -Wl,--end-group
Finished building target: Mother.elf
 
arm-none-eabi-size   Mother.elf 
arm-none-eabi-objdump -h -S  Mother.elf  > "Mother.list"
   text	   data	    bss	    dec	    hex	filename
  35344	    252	   2328	  37924	   9424	Mother.elf
Finished building: default.size.stdout
 
Finished building: Mother.list
 
22:40:04 **** Incremental Build of configuration Debug for project Mother ****
make -j8 all 
arm-none-eabi-g++ "../Core/Src/main.cpp" -mcpu=cortex-m4 -std=gnu++14 -g3 -DDEBUG -DUSE_HAL_DRIVER -DSTM32F446xx -c -I../Core/Inc -I../Drivers/STM32F4xx_HAL_Driver/Inc -I../Drivers/STM32F4xx_HAL_Driver/Inc/Legacy -I../Drivers/CMSIS/Device/ST/STM32F4xx/Include -I../Drivers/CMSIS/Include -O0 -ffunction-sections -fdata-sections -fno-exceptions -fno-rtti -fno-use-cxa-atexit -Wall -fstack-usage -fcyclomatic-complexity -MMD -MP -MF"Core/Src/main.d" -MT"Core/Src/main.o" --specs=nano.specs -mfpu=fpv4-sp-d16 -mfloat-abi=hard -mthumb -o "Core/Src/main.o"
../Core/Src/main.cpp:85:19: warning: built-in function 'index' declared as non-function [-Wbuiltin-declaration-mismatch]
   85 | volatile uint32_t index;
      |                   ^~~~~
../Core/Src/main.cpp: In function 'int main()':
../Core/Src/main.cpp:246:14: warning: unused variable 'q' [-Wunused-variable]
  246 |   QUATERNION q;
      |              ^
../Core/Src/main.cpp: In function 'void check_TWEbuf()':
../Core/Src/main.cpp:610:22: warning: comparison of integer expressions of different signedness: 'int' and 'unsigned int' [-Wsign-compare]
  610 |     if(read_buf_point>sizeof(rxBuf)-1){read_buf_point = read_buf_point - sizeof(rxBuf);}
      |        ~~~~~~~~~~~~~~^~~~~~~~~~~~~~~~
../Core/Src/main.cpp:616:21: warning: comparison of integer expressions of different signedness: 'int' and 'unsigned int' [-Wsign-compare]
  616 |   if(check_buf_point>sizeof(rxBuf)-1){check_buf_point = check_buf_point - sizeof(rxBuf);}
      |      ~~~~~~~~~~~~~~~^~~~~~~~~~~~~~~~
../Core/Src/main.cpp:617:21: warning: comparison of integer expressions of different signedness: 'int' and 'volatile uint32_t' {aka 'volatile long unsigned int'} [-Wsign-compare]
  617 |   if(check_buf_point==index){break;}
      |      ~~~~~~~~~~~~~~~^~~~~~~
arm-none-eabi-g++ -o "Mother.elf" @"objects.list"   -mcpu=cortex-m4 -T"C:\robot\Japan2024-Software\MovingDisplay\Mother\STM32F446RETX_FLASH.ld" --specs=nosys.specs -Wl,-Map="Mother.map" -Wl,--gc-sections -static --specs=nano.specs -mfpu=fpv4-sp-d16 -mfloat-abi=hard -mthumb -Wl,--start-group -lc -lm -lstdc++ -lsupc++ -Wl,--end-group
Finished building target: Mother.elf
 
arm-none-eabi-size   Mother.elf 
arm-none-eabi-objdump -h -S  Mother.elf  > "Mother.list"
   text	   data	    bss	    dec	    hex	filename
  35384	    252	   2328	  37964	   944c	Mother.elf
Finished building: default.size.stdout
 
Finished building: Mother.list
 
23:02:26 **** Incremental Build of configuration Debug for project Mother ****
make -j8 all 
arm-none-eabi-g++ "../Core/Src/main.cpp" -mcpu=cortex-m4 -std=gnu++14 -g3 -DDEBUG -DUSE_HAL_DRIVER -DSTM32F446xx -c -I../Core/Inc -I../Drivers/STM32F4xx_HAL_Driver/Inc -I../Drivers/STM32F4xx_HAL_Driver/Inc/Legacy -I../Drivers/CMSIS/Device/ST/STM32F4xx/Include -I../Drivers/CMSIS/Include -O0 -ffunction-sections -fdata-sections -fno-exceptions -fno-rtti -fno-use-cxa-atexit -Wall -fstack-usage -fcyclomatic-complexity -MMD -MP -MF"Core/Src/main.d" -MT"Core/Src/main.o" --specs=nano.specs -mfpu=fpv4-sp-d16 -mfloat-abi=hard -mthumb -o "Core/Src/main.o"
../Core/Src/main.cpp:85:19: warning: built-in function 'index' declared as non-function [-Wbuiltin-declaration-mismatch]
   85 | volatile uint32_t index;
      |                   ^~~~~
../Core/Src/main.cpp: In function 'int main()':
../Core/Src/main.cpp:253:14: warning: unused variable 'q' [-Wunused-variable]
  253 |   QUATERNION q;
      |              ^
../Core/Src/main.cpp: In function 'void check_TWEbuf()':
../Core/Src/main.cpp:610:22: warning: comparison of integer expressions of different signedness: 'int' and 'unsigned int' [-Wsign-compare]
  610 |     if(read_buf_point>sizeof(rxBuf)-1){read_buf_point = read_buf_point - sizeof(rxBuf);}
      |        ~~~~~~~~~~~~~~^~~~~~~~~~~~~~~~
../Core/Src/main.cpp:616:21: warning: comparison of integer expressions of different signedness: 'int' and 'unsigned int' [-Wsign-compare]
  616 |   if(check_buf_point>sizeof(rxBuf)-1){check_buf_point = check_buf_point - sizeof(rxBuf);}
      |      ~~~~~~~~~~~~~~~^~~~~~~~~~~~~~~~
../Core/Src/main.cpp:617:21: warning: comparison of integer expressions of different signedness: 'int' and 'volatile uint32_t' {aka 'volatile long unsigned int'} [-Wsign-compare]
  617 |   if(check_buf_point==index){break;}
      |      ~~~~~~~~~~~~~~~^~~~~~~
arm-none-eabi-g++ -o "Mother.elf" @"objects.list"   -mcpu=cortex-m4 -T"C:\robot\Japan2024-Software\MovingDisplay\Mother\STM32F446RETX_FLASH.ld" --specs=nosys.specs -Wl,-Map="Mother.map" -Wl,--gc-sections -static --specs=nano.specs -mfpu=fpv4-sp-d16 -mfloat-abi=hard -mthumb -Wl,--start-group -lc -lm -lstdc++ -lsupc++ -Wl,--end-group
Finished building target: Mother.elf
 
arm-none-eabi-size   Mother.elf 
arm-none-eabi-objdump -h -S  Mother.elf  > "Mother.list"
   text	   data	    bss	    dec	    hex	filename
  34424	    252	   2328	  37004	   908c	Mother.elf
Finished building: default.size.stdout
 
Finished building: Mother.list
 
23:15:06 **** Incremental Build of configuration Debug for project Mother ****
make -j8 all 
arm-none-eabi-g++ "../Core/Src/main.cpp" -mcpu=cortex-m4 -std=gnu++14 -g3 -DDEBUG -DUSE_HAL_DRIVER -DSTM32F446xx -c -I../Core/Inc -I../Drivers/STM32F4xx_HAL_Driver/Inc -I../Drivers/STM32F4xx_HAL_Driver/Inc/Legacy -I../Drivers/CMSIS/Device/ST/STM32F4xx/Include -I../Drivers/CMSIS/Include -O0 -ffunction-sections -fdata-sections -fno-exceptions -fno-rtti -fno-use-cxa-atexit -Wall -fstack-usage -fcyclomatic-complexity -MMD -MP -MF"Core/Src/main.d" -MT"Core/Src/main.o" --specs=nano.specs -mfpu=fpv4-sp-d16 -mfloat-abi=hard -mthumb -o "Core/Src/main.o"
../Core/Src/main.cpp:85:19: warning: built-in function 'index' declared as non-function [-Wbuiltin-declaration-mismatch]
   85 | volatile uint32_t index;
      |                   ^~~~~
../Core/Src/main.cpp: In function 'int main()':
../Core/Src/main.cpp:253:14: warning: unused variable 'q' [-Wunused-variable]
  253 |   QUATERNION q;
      |              ^
../Core/Src/main.cpp: In function 'void check_TWEbuf()':
../Core/Src/main.cpp:610:22: warning: comparison of integer expressions of different signedness: 'int' and 'unsigned int' [-Wsign-compare]
  610 |     if(read_buf_point>sizeof(rxBuf)-1){read_buf_point = read_buf_point - sizeof(rxBuf);}
      |        ~~~~~~~~~~~~~~^~~~~~~~~~~~~~~~
../Core/Src/main.cpp:616:21: warning: comparison of integer expressions of different signedness: 'int' and 'unsigned int' [-Wsign-compare]
  616 |   if(check_buf_point>sizeof(rxBuf)-1){check_buf_point = check_buf_point - sizeof(rxBuf);}
      |      ~~~~~~~~~~~~~~~^~~~~~~~~~~~~~~~
../Core/Src/main.cpp:617:21: warning: comparison of integer expressions of different signedness: 'int' and 'volatile uint32_t' {aka 'volatile long unsigned int'} [-Wsign-compare]
  617 |   if(check_buf_point==index){break;}
      |      ~~~~~~~~~~~~~~~^~~~~~~
arm-none-eabi-g++ -o "Mother.elf" @"objects.list"   -mcpu=cortex-m4 -T"C:\robot\Japan2024-Software\MovingDisplay\Mother\STM32F446RETX_FLASH.ld" --specs=nosys.specs -Wl,-Map="Mother.map" -Wl,--gc-sections -static --specs=nano.specs -mfpu=fpv4-sp-d16 -mfloat-abi=hard -mthumb -Wl,--start-group -lc -lm -lstdc++ -lsupc++ -Wl,--end-group
Finished building target: Mother.elf
 
arm-none-eabi-size   Mother.elf 
arm-none-eabi-objdump -h -S  Mother.elf  > "Mother.list"
   text	   data	    bss	    dec	    hex	filename
  34448	    252	   2328	  37028	   90a4	Mother.elf
Finished building: default.size.stdout
 
Finished building: Mother.list
 
23:17:21 **** Incremental Build of configuration Debug for project Mother ****
make -j8 all 
arm-none-eabi-g++ "../Core/Src/main.cpp" -mcpu=cortex-m4 -std=gnu++14 -g3 -DDEBUG -DUSE_HAL_DRIVER -DSTM32F446xx -c -I../Core/Inc -I../Drivers/STM32F4xx_HAL_Driver/Inc -I../Drivers/STM32F4xx_HAL_Driver/Inc/Legacy -I../Drivers/CMSIS/Device/ST/STM32F4xx/Include -I../Drivers/CMSIS/Include -O0 -ffunction-sections -fdata-sections -fno-exceptions -fno-rtti -fno-use-cxa-atexit -Wall -fstack-usage -fcyclomatic-complexity -MMD -MP -MF"Core/Src/main.d" -MT"Core/Src/main.o" --specs=nano.specs -mfpu=fpv4-sp-d16 -mfloat-abi=hard -mthumb -o "Core/Src/main.o"
../Core/Src/main.cpp:85:19: warning: built-in function 'index' declared as non-function [-Wbuiltin-declaration-mismatch]
   85 | volatile uint32_t index;
      |                   ^~~~~
../Core/Src/main.cpp: In function 'int main()':
../Core/Src/main.cpp:251:14: warning: unused variable 'q' [-Wunused-variable]
  251 |   QUATERNION q;
      |              ^
../Core/Src/main.cpp: In function 'void check_TWEbuf()':
../Core/Src/main.cpp:608:22: warning: comparison of integer expressions of different signedness: 'int' and 'unsigned int' [-Wsign-compare]
  608 |     if(read_buf_point>sizeof(rxBuf)-1){read_buf_point = read_buf_point - sizeof(rxBuf);}
      |        ~~~~~~~~~~~~~~^~~~~~~~~~~~~~~~
../Core/Src/main.cpp:614:21: warning: comparison of integer expressions of different signedness: 'int' and 'unsigned int' [-Wsign-compare]
  614 |   if(check_buf_point>sizeof(rxBuf)-1){check_buf_point = check_buf_point - sizeof(rxBuf);}
      |      ~~~~~~~~~~~~~~~^~~~~~~~~~~~~~~~
../Core/Src/main.cpp:615:21: warning: comparison of integer expressions of different signedness: 'int' and 'volatile uint32_t' {aka 'volatile long unsigned int'} [-Wsign-compare]
  615 |   if(check_buf_point==index){break;}
      |      ~~~~~~~~~~~~~~~^~~~~~~
arm-none-eabi-g++ -o "Mother.elf" @"objects.list"   -mcpu=cortex-m4 -T"C:\robot\Japan2024-Software\MovingDisplay\Mother\STM32F446RETX_FLASH.ld" --specs=nosys.specs -Wl,-Map="Mother.map" -Wl,--gc-sections -static --specs=nano.specs -mfpu=fpv4-sp-d16 -mfloat-abi=hard -mthumb -Wl,--start-group -lc -lm -lstdc++ -lsupc++ -Wl,--end-group
Finished building target: Mother.elf
 
arm-none-eabi-size   Mother.elf 
arm-none-eabi-objdump -h -S  Mother.elf  > "Mother.list"
   text	   data	    bss	    dec	    hex	filename
  34408	    252	   2328	  36988	   907c	Mother.elf
Finished building: default.size.stdout
 
Finished building: Mother.list
 
23:20:28 **** Incremental Build of configuration Debug for project Mother ****
make -j8 all 
arm-none-eabi-g++ "../Core/Src/main.cpp" -mcpu=cortex-m4 -std=gnu++14 -g3 -DDEBUG -DUSE_HAL_DRIVER -DSTM32F446xx -c -I../Core/Inc -I../Drivers/STM32F4xx_HAL_Driver/Inc -I../Drivers/STM32F4xx_HAL_Driver/Inc/Legacy -I../Drivers/CMSIS/Device/ST/STM32F4xx/Include -I../Drivers/CMSIS/Include -O0 -ffunction-sections -fdata-sections -fno-exceptions -fno-rtti -fno-use-cxa-atexit -Wall -fstack-usage -fcyclomatic-complexity -MMD -MP -MF"Core/Src/main.d" -MT"Core/Src/main.o" --specs=nano.specs -mfpu=fpv4-sp-d16 -mfloat-abi=hard -mthumb -o "Core/Src/main.o"
../Core/Src/main.cpp:85:19: warning: built-in function 'index' declared as non-function [-Wbuiltin-declaration-mismatch]
   85 | volatile uint32_t index;
      |                   ^~~~~
../Core/Src/main.cpp: In function 'int main()':
../Core/Src/main.cpp:253:14: warning: unused variable 'q' [-Wunused-variable]
  253 |   QUATERNION q;
      |              ^
../Core/Src/main.cpp: In function 'void check_TWEbuf()':
../Core/Src/main.cpp:610:22: warning: comparison of integer expressions of different signedness: 'int' and 'unsigned int' [-Wsign-compare]
  610 |     if(read_buf_point>sizeof(rxBuf)-1){read_buf_point = read_buf_point - sizeof(rxBuf);}
      |        ~~~~~~~~~~~~~~^~~~~~~~~~~~~~~~
../Core/Src/main.cpp:616:21: warning: comparison of integer expressions of different signedness: 'int' and 'unsigned int' [-Wsign-compare]
  616 |   if(check_buf_point>sizeof(rxBuf)-1){check_buf_point = check_buf_point - sizeof(rxBuf);}
      |      ~~~~~~~~~~~~~~~^~~~~~~~~~~~~~~~
../Core/Src/main.cpp:617:21: warning: comparison of integer expressions of different signedness: 'int' and 'volatile uint32_t' {aka 'volatile long unsigned int'} [-Wsign-compare]
  617 |   if(check_buf_point==index){break;}
      |      ~~~~~~~~~~~~~~~^~~~~~~
arm-none-eabi-g++ -o "Mother.elf" @"objects.list"   -mcpu=cortex-m4 -T"C:\robot\Japan2024-Software\MovingDisplay\Mother\STM32F446RETX_FLASH.ld" --specs=nosys.specs -Wl,-Map="Mother.map" -Wl,--gc-sections -static --specs=nano.specs -mfpu=fpv4-sp-d16 -mfloat-abi=hard -mthumb -Wl,--start-group -lc -lm -lstdc++ -lsupc++ -Wl,--end-group
Finished building target: Mother.elf
 
arm-none-eabi-size   Mother.elf 
arm-none-eabi-objdump -h -S  Mother.elf  > "Mother.list"
   text	   data	    bss	    dec	    hex	filename
  34424	    252	   2328	  37004	   908c	Mother.elf
Finished building: default.size.stdout
 
Finished building: Mother.list
 
23:21:41 **** Incremental Build of configuration Debug for project Mother ****
make -j8 all 
arm-none-eabi-g++ "../Core/Src/main.cpp" -mcpu=cortex-m4 -std=gnu++14 -g3 -DDEBUG -DUSE_HAL_DRIVER -DSTM32F446xx -c -I../Core/Inc -I../Drivers/STM32F4xx_HAL_Driver/Inc -I../Drivers/STM32F4xx_HAL_Driver/Inc/Legacy -I../Drivers/CMSIS/Device/ST/STM32F4xx/Include -I../Drivers/CMSIS/Include -O0 -ffunction-sections -fdata-sections -fno-exceptions -fno-rtti -fno-use-cxa-atexit -Wall -fstack-usage -fcyclomatic-complexity -MMD -MP -MF"Core/Src/main.d" -MT"Core/Src/main.o" --specs=nano.specs -mfpu=fpv4-sp-d16 -mfloat-abi=hard -mthumb -o "Core/Src/main.o"
../Core/Src/main.cpp:85:19: warning: built-in function 'index' declared as non-function [-Wbuiltin-declaration-mismatch]
   85 | volatile uint32_t index;
      |                   ^~~~~
../Core/Src/main.cpp: In function 'int main()':
../Core/Src/main.cpp:254:14: warning: unused variable 'q' [-Wunused-variable]
  254 |   QUATERNION q;
      |              ^
../Core/Src/main.cpp: In function 'void check_TWEbuf()':
../Core/Src/main.cpp:611:22: warning: comparison of integer expressions of different signedness: 'int' and 'unsigned int' [-Wsign-compare]
  611 |     if(read_buf_point>sizeof(rxBuf)-1){read_buf_point = read_buf_point - sizeof(rxBuf);}
      |        ~~~~~~~~~~~~~~^~~~~~~~~~~~~~~~
../Core/Src/main.cpp:617:21: warning: comparison of integer expressions of different signedness: 'int' and 'unsigned int' [-Wsign-compare]
  617 |   if(check_buf_point>sizeof(rxBuf)-1){check_buf_point = check_buf_point - sizeof(rxBuf);}
      |      ~~~~~~~~~~~~~~~^~~~~~~~~~~~~~~~
../Core/Src/main.cpp:618:21: warning: comparison of integer expressions of different signedness: 'int' and 'volatile uint32_t' {aka 'volatile long unsigned int'} [-Wsign-compare]
  618 |   if(check_buf_point==index){break;}
      |      ~~~~~~~~~~~~~~~^~~~~~~
arm-none-eabi-g++ -o "Mother.elf" @"objects.list"   -mcpu=cortex-m4 -T"C:\robot\Japan2024-Software\MovingDisplay\Mother\STM32F446RETX_FLASH.ld" --specs=nosys.specs -Wl,-Map="Mother.map" -Wl,--gc-sections -static --specs=nano.specs -mfpu=fpv4-sp-d16 -mfloat-abi=hard -mthumb -Wl,--start-group -lc -lm -lstdc++ -lsupc++ -Wl,--end-group
Finished building target: Mother.elf
 
arm-none-eabi-size   Mother.elf 
arm-none-eabi-objdump -h -S  Mother.elf  > "Mother.list"
   text	   data	    bss	    dec	    hex	filename
  34424	    252	   2328	  37004	   908c	Mother.elf
Finished building: default.size.stdout
 
Finished building: Mother.list
 
23:23:03 **** Incremental Build of configuration Debug for project Mother ****
make -j8 all 
arm-none-eabi-g++ "../Core/Src/main.cpp" -mcpu=cortex-m4 -std=gnu++14 -g3 -DDEBUG -DUSE_HAL_DRIVER -DSTM32F446xx -c -I../Core/Inc -I../Drivers/STM32F4xx_HAL_Driver/Inc -I../Drivers/STM32F4xx_HAL_Driver/Inc/Legacy -I../Drivers/CMSIS/Device/ST/STM32F4xx/Include -I../Drivers/CMSIS/Include -O0 -ffunction-sections -fdata-sections -fno-exceptions -fno-rtti -fno-use-cxa-atexit -Wall -fstack-usage -fcyclomatic-complexity -MMD -MP -MF"Core/Src/main.d" -MT"Core/Src/main.o" --specs=nano.specs -mfpu=fpv4-sp-d16 -mfloat-abi=hard -mthumb -o "Core/Src/main.o"
../Core/Src/main.cpp:85:19: warning: built-in function 'index' declared as non-function [-Wbuiltin-declaration-mismatch]
   85 | volatile uint32_t index;
      |                   ^~~~~
../Core/Src/main.cpp: In function 'int main()':
../Core/Src/main.cpp:256:14: warning: unused variable 'q' [-Wunused-variable]
  256 |   QUATERNION q;
      |              ^
../Core/Src/main.cpp: In function 'void check_TWEbuf()':
../Core/Src/main.cpp:613:22: warning: comparison of integer expressions of different signedness: 'int' and 'unsigned int' [-Wsign-compare]
  613 |     if(read_buf_point>sizeof(rxBuf)-1){read_buf_point = read_buf_point - sizeof(rxBuf);}
      |        ~~~~~~~~~~~~~~^~~~~~~~~~~~~~~~
../Core/Src/main.cpp:619:21: warning: comparison of integer expressions of different signedness: 'int' and 'unsigned int' [-Wsign-compare]
  619 |   if(check_buf_point>sizeof(rxBuf)-1){check_buf_point = check_buf_point - sizeof(rxBuf);}
      |      ~~~~~~~~~~~~~~~^~~~~~~~~~~~~~~~
../Core/Src/main.cpp:620:21: warning: comparison of integer expressions of different signedness: 'int' and 'volatile uint32_t' {aka 'volatile long unsigned int'} [-Wsign-compare]
  620 |   if(check_buf_point==index){break;}
      |      ~~~~~~~~~~~~~~~^~~~~~~
arm-none-eabi-g++ -o "Mother.elf" @"objects.list"   -mcpu=cortex-m4 -T"C:\robot\Japan2024-Software\MovingDisplay\Mother\STM32F446RETX_FLASH.ld" --specs=nosys.specs -Wl,-Map="Mother.map" -Wl,--gc-sections -static --specs=nano.specs -mfpu=fpv4-sp-d16 -mfloat-abi=hard -mthumb -Wl,--start-group -lc -lm -lstdc++ -lsupc++ -Wl,--end-group
Finished building target: Mother.elf
 
arm-none-eabi-size   Mother.elf 
arm-none-eabi-objdump -h -S  Mother.elf  > "Mother.list"
   text	   data	    bss	    dec	    hex	filename
  34440	    252	   2328	  37020	   909c	Mother.elf
Finished building: default.size.stdout
 
Finished building: Mother.list
 
23:24:58 **** Incremental Build of configuration Debug for project Mother ****
make -j8 all 
arm-none-eabi-g++ "../Core/Src/main.cpp" -mcpu=cortex-m4 -std=gnu++14 -g3 -DDEBUG -DUSE_HAL_DRIVER -DSTM32F446xx -c -I../Core/Inc -I../Drivers/STM32F4xx_HAL_Driver/Inc -I../Drivers/STM32F4xx_HAL_Driver/Inc/Legacy -I../Drivers/CMSIS/Device/ST/STM32F4xx/Include -I../Drivers/CMSIS/Include -O0 -ffunction-sections -fdata-sections -fno-exceptions -fno-rtti -fno-use-cxa-atexit -Wall -fstack-usage -fcyclomatic-complexity -MMD -MP -MF"Core/Src/main.d" -MT"Core/Src/main.o" --specs=nano.specs -mfpu=fpv4-sp-d16 -mfloat-abi=hard -mthumb -o "Core/Src/main.o"
../Core/Src/main.cpp:85:19: warning: built-in function 'index' declared as non-function [-Wbuiltin-declaration-mismatch]
   85 | volatile uint32_t index;
      |                   ^~~~~
../Core/Src/main.cpp: In function 'int main()':
../Core/Src/main.cpp:256:14: warning: unused variable 'q' [-Wunused-variable]
  256 |   QUATERNION q;
      |              ^
../Core/Src/main.cpp: In function 'void check_TWEbuf()':
../Core/Src/main.cpp:613:22: warning: comparison of integer expressions of different signedness: 'int' and 'unsigned int' [-Wsign-compare]
  613 |     if(read_buf_point>sizeof(rxBuf)-1){read_buf_point = read_buf_point - sizeof(rxBuf);}
      |        ~~~~~~~~~~~~~~^~~~~~~~~~~~~~~~
../Core/Src/main.cpp:619:21: warning: comparison of integer expressions of different signedness: 'int' and 'unsigned int' [-Wsign-compare]
  619 |   if(check_buf_point>sizeof(rxBuf)-1){check_buf_point = check_buf_point - sizeof(rxBuf);}
      |      ~~~~~~~~~~~~~~~^~~~~~~~~~~~~~~~
../Core/Src/main.cpp:620:21: warning: comparison of integer expressions of different signedness: 'int' and 'volatile uint32_t' {aka 'volatile long unsigned int'} [-Wsign-compare]
  620 |   if(check_buf_point==index){break;}
      |      ~~~~~~~~~~~~~~~^~~~~~~
arm-none-eabi-g++ -o "Mother.elf" @"objects.list"   -mcpu=cortex-m4 -T"C:\robot\Japan2024-Software\MovingDisplay\Mother\STM32F446RETX_FLASH.ld" --specs=nosys.specs -Wl,-Map="Mother.map" -Wl,--gc-sections -static --specs=nano.specs -mfpu=fpv4-sp-d16 -mfloat-abi=hard -mthumb -Wl,--start-group -lc -lm -lstdc++ -lsupc++ -Wl,--end-group
Finished building target: Mother.elf
 
arm-none-eabi-size   Mother.elf 
arm-none-eabi-objdump -h -S  Mother.elf  > "Mother.list"
   text	   data	    bss	    dec	    hex	filename
  34440	    252	   2328	  37020	   909c	Mother.elf
Finished building: default.size.stdout
 
Finished building: Mother.list
 
23:29:07 **** Incremental Build of configuration Debug for project Mother ****
make -j8 all 
arm-none-eabi-g++ "../Core/Src/main.cpp" -mcpu=cortex-m4 -std=gnu++14 -g3 -DDEBUG -DUSE_HAL_DRIVER -DSTM32F446xx -c -I../Core/Inc -I../Drivers/STM32F4xx_HAL_Driver/Inc -I../Drivers/STM32F4xx_HAL_Driver/Inc/Legacy -I../Drivers/CMSIS/Device/ST/STM32F4xx/Include -I../Drivers/CMSIS/Include -O0 -ffunction-sections -fdata-sections -fno-exceptions -fno-rtti -fno-use-cxa-atexit -Wall -fstack-usage -fcyclomatic-complexity -MMD -MP -MF"Core/Src/main.d" -MT"Core/Src/main.o" --specs=nano.specs -mfpu=fpv4-sp-d16 -mfloat-abi=hard -mthumb -o "Core/Src/main.o"
../Core/Src/main.cpp:85:19: warning: built-in function 'index' declared as non-function [-Wbuiltin-declaration-mismatch]
   85 | volatile uint32_t index;
      |                   ^~~~~
../Core/Src/main.cpp: In function 'int main()':
../Core/Src/main.cpp:256:14: warning: unused variable 'q' [-Wunused-variable]
  256 |   QUATERNION q;
      |              ^
../Core/Src/main.cpp: In function 'void check_TWEbuf()':
../Core/Src/main.cpp:613:22: warning: comparison of integer expressions of different signedness: 'int' and 'unsigned int' [-Wsign-compare]
  613 |     if(read_buf_point>sizeof(rxBuf)-1){read_buf_point = read_buf_point - sizeof(rxBuf);}
      |        ~~~~~~~~~~~~~~^~~~~~~~~~~~~~~~
../Core/Src/main.cpp:619:21: warning: comparison of integer expressions of different signedness: 'int' and 'unsigned int' [-Wsign-compare]
  619 |   if(check_buf_point>sizeof(rxBuf)-1){check_buf_point = check_buf_point - sizeof(rxBuf);}
      |      ~~~~~~~~~~~~~~~^~~~~~~~~~~~~~~~
../Core/Src/main.cpp:620:21: warning: comparison of integer expressions of different signedness: 'int' and 'volatile uint32_t' {aka 'volatile long unsigned int'} [-Wsign-compare]
  620 |   if(check_buf_point==index){break;}
      |      ~~~~~~~~~~~~~~~^~~~~~~
arm-none-eabi-g++ -o "Mother.elf" @"objects.list"   -mcpu=cortex-m4 -T"C:\robot\Japan2024-Software\MovingDisplay\Mother\STM32F446RETX_FLASH.ld" --specs=nosys.specs -Wl,-Map="Mother.map" -Wl,--gc-sections -static --specs=nano.specs -mfpu=fpv4-sp-d16 -mfloat-abi=hard -mthumb -Wl,--start-group -lc -lm -lstdc++ -lsupc++ -Wl,--end-group
Finished building target: Mother.elf
 
arm-none-eabi-size   Mother.elf 
arm-none-eabi-objdump -h -S  Mother.elf  > "Mother.list"
   text	   data	    bss	    dec	    hex	filename
  34440	    252	   2328	  37020	   909c	Mother.elf
Finished building: default.size.stdout
 
Finished building: Mother.list
 
23:30:44 **** Incremental Build of configuration Debug for project Mother ****
make -j8 all 
arm-none-eabi-g++ "../Core/Src/main.cpp" -mcpu=cortex-m4 -std=gnu++14 -g3 -DDEBUG -DUSE_HAL_DRIVER -DSTM32F446xx -c -I../Core/Inc -I../Drivers/STM32F4xx_HAL_Driver/Inc -I../Drivers/STM32F4xx_HAL_Driver/Inc/Legacy -I../Drivers/CMSIS/Device/ST/STM32F4xx/Include -I../Drivers/CMSIS/Include -O0 -ffunction-sections -fdata-sections -fno-exceptions -fno-rtti -fno-use-cxa-atexit -Wall -fstack-usage -fcyclomatic-complexity -MMD -MP -MF"Core/Src/main.d" -MT"Core/Src/main.o" --specs=nano.specs -mfpu=fpv4-sp-d16 -mfloat-abi=hard -mthumb -o "Core/Src/main.o"
../Core/Src/main.cpp:85:19: warning: built-in function 'index' declared as non-function [-Wbuiltin-declaration-mismatch]
   85 | volatile uint32_t index;
      |                   ^~~~~
../Core/Src/main.cpp: In function 'int main()':
../Core/Src/main.cpp:256:14: warning: unused variable 'q' [-Wunused-variable]
  256 |   QUATERNION q;
      |              ^
../Core/Src/main.cpp: In function 'void check_TWEbuf()':
../Core/Src/main.cpp:613:22: warning: comparison of integer expressions of different signedness: 'int' and 'unsigned int' [-Wsign-compare]
  613 |     if(read_buf_point>sizeof(rxBuf)-1){read_buf_point = read_buf_point - sizeof(rxBuf);}
      |        ~~~~~~~~~~~~~~^~~~~~~~~~~~~~~~
../Core/Src/main.cpp:619:21: warning: comparison of integer expressions of different signedness: 'int' and 'unsigned int' [-Wsign-compare]
  619 |   if(check_buf_point>sizeof(rxBuf)-1){check_buf_point = check_buf_point - sizeof(rxBuf);}
      |      ~~~~~~~~~~~~~~~^~~~~~~~~~~~~~~~
../Core/Src/main.cpp:620:21: warning: comparison of integer expressions of different signedness: 'int' and 'volatile uint32_t' {aka 'volatile long unsigned int'} [-Wsign-compare]
  620 |   if(check_buf_point==index){break;}
      |      ~~~~~~~~~~~~~~~^~~~~~~
arm-none-eabi-g++ -o "Mother.elf" @"objects.list"   -mcpu=cortex-m4 -T"C:\robot\Japan2024-Software\MovingDisplay\Mother\STM32F446RETX_FLASH.ld" --specs=nosys.specs -Wl,-Map="Mother.map" -Wl,--gc-sections -static --specs=nano.specs -mfpu=fpv4-sp-d16 -mfloat-abi=hard -mthumb -Wl,--start-group -lc -lm -lstdc++ -lsupc++ -Wl,--end-group
Finished building target: Mother.elf
 
arm-none-eabi-size   Mother.elf 
arm-none-eabi-objdump -h -S  Mother.elf  > "Mother.list"
   text	   data	    bss	    dec	    hex	filename
  34440	    252	   2328	  37020	   909c	Mother.elf
Finished building: default.size.stdout
 
Finished building: Mother.list
 
23:32:13 **** Incremental Build of configuration Debug for project Mother ****
make -j8 all 
arm-none-eabi-g++ "../Core/Src/main.cpp" -mcpu=cortex-m4 -std=gnu++14 -g3 -DDEBUG -DUSE_HAL_DRIVER -DSTM32F446xx -c -I../Core/Inc -I../Drivers/STM32F4xx_HAL_Driver/Inc -I../Drivers/STM32F4xx_HAL_Driver/Inc/Legacy -I../Drivers/CMSIS/Device/ST/STM32F4xx/Include -I../Drivers/CMSIS/Include -O0 -ffunction-sections -fdata-sections -fno-exceptions -fno-rtti -fno-use-cxa-atexit -Wall -fstack-usage -fcyclomatic-complexity -MMD -MP -MF"Core/Src/main.d" -MT"Core/Src/main.o" --specs=nano.specs -mfpu=fpv4-sp-d16 -mfloat-abi=hard -mthumb -o "Core/Src/main.o"
../Core/Src/main.cpp:85:19: warning: built-in function 'index' declared as non-function [-Wbuiltin-declaration-mismatch]
   85 | volatile uint32_t index;
      |                   ^~~~~
../Core/Src/main.cpp: In function 'int main()':
../Core/Src/main.cpp:256:14: warning: unused variable 'q' [-Wunused-variable]
  256 |   QUATERNION q;
      |              ^
../Core/Src/main.cpp: In function 'void check_TWEbuf()':
../Core/Src/main.cpp:613:22: warning: comparison of integer expressions of different signedness: 'int' and 'unsigned int' [-Wsign-compare]
  613 |     if(read_buf_point>sizeof(rxBuf)-1){read_buf_point = read_buf_point - sizeof(rxBuf);}
      |        ~~~~~~~~~~~~~~^~~~~~~~~~~~~~~~
../Core/Src/main.cpp:619:21: warning: comparison of integer expressions of different signedness: 'int' and 'unsigned int' [-Wsign-compare]
  619 |   if(check_buf_point>sizeof(rxBuf)-1){check_buf_point = check_buf_point - sizeof(rxBuf);}
      |      ~~~~~~~~~~~~~~~^~~~~~~~~~~~~~~~
../Core/Src/main.cpp:620:21: warning: comparison of integer expressions of different signedness: 'int' and 'volatile uint32_t' {aka 'volatile long unsigned int'} [-Wsign-compare]
  620 |   if(check_buf_point==index){break;}
      |      ~~~~~~~~~~~~~~~^~~~~~~
arm-none-eabi-g++ -o "Mother.elf" @"objects.list"   -mcpu=cortex-m4 -T"C:\robot\Japan2024-Software\MovingDisplay\Mother\STM32F446RETX_FLASH.ld" --specs=nosys.specs -Wl,-Map="Mother.map" -Wl,--gc-sections -static --specs=nano.specs -mfpu=fpv4-sp-d16 -mfloat-abi=hard -mthumb -Wl,--start-group -lc -lm -lstdc++ -lsupc++ -Wl,--end-group
Finished building target: Mother.elf
 
arm-none-eabi-size   Mother.elf 
arm-none-eabi-objdump -h -S  Mother.elf  > "Mother.list"
   text	   data	    bss	    dec	    hex	filename
  34440	    252	   2328	  37020	   909c	Mother.elf
Finished building: default.size.stdout
 
Finished building: Mother.list
 
23:32:29 **** Incremental Build of configuration Debug for project Mother ****
make -j8 all 
arm-none-eabi-size   Mother.elf 
   text	   data	    bss	    dec	    hex	filename
  34440	    252	   2328	  37020	   909c	Mother.elf
Finished building: default.size.stdout
 
23:33:59 **** Incremental Build of configuration Debug for project Mother ****
make -j8 all 
arm-none-eabi-g++ "../Core/Src/main.cpp" -mcpu=cortex-m4 -std=gnu++14 -g3 -DDEBUG -DUSE_HAL_DRIVER -DSTM32F446xx -c -I../Core/Inc -I../Drivers/STM32F4xx_HAL_Driver/Inc -I../Drivers/STM32F4xx_HAL_Driver/Inc/Legacy -I../Drivers/CMSIS/Device/ST/STM32F4xx/Include -I../Drivers/CMSIS/Include -O0 -ffunction-sections -fdata-sections -fno-exceptions -fno-rtti -fno-use-cxa-atexit -Wall -fstack-usage -fcyclomatic-complexity -MMD -MP -MF"Core/Src/main.d" -MT"Core/Src/main.o" --specs=nano.specs -mfpu=fpv4-sp-d16 -mfloat-abi=hard -mthumb -o "Core/Src/main.o"
../Core/Src/main.cpp:85:19: warning: built-in function 'index' declared as non-function [-Wbuiltin-declaration-mismatch]
   85 | volatile uint32_t index;
      |                   ^~~~~
../Core/Src/main.cpp: In function 'int main()':
../Core/Src/main.cpp:256:14: warning: unused variable 'q' [-Wunused-variable]
  256 |   QUATERNION q;
      |              ^
../Core/Src/main.cpp: In function 'void check_TWEbuf()':
../Core/Src/main.cpp:613:22: warning: comparison of integer expressions of different signedness: 'int' and 'unsigned int' [-Wsign-compare]
  613 |     if(read_buf_point>sizeof(rxBuf)-1){read_buf_point = read_buf_point - sizeof(rxBuf);}
      |        ~~~~~~~~~~~~~~^~~~~~~~~~~~~~~~
../Core/Src/main.cpp:619:21: warning: comparison of integer expressions of different signedness: 'int' and 'unsigned int' [-Wsign-compare]
  619 |   if(check_buf_point>sizeof(rxBuf)-1){check_buf_point = check_buf_point - sizeof(rxBuf);}
      |      ~~~~~~~~~~~~~~~^~~~~~~~~~~~~~~~
../Core/Src/main.cpp:620:21: warning: comparison of integer expressions of different signedness: 'int' and 'volatile uint32_t' {aka 'volatile long unsigned int'} [-Wsign-compare]
  620 |   if(check_buf_point==index){break;}
      |      ~~~~~~~~~~~~~~~^~~~~~~
arm-none-eabi-g++ -o "Mother.elf" @"objects.list"   -mcpu=cortex-m4 -T"C:\robot\Japan2024-Software\MovingDisplay\Mother\STM32F446RETX_FLASH.ld" --specs=nosys.specs -Wl,-Map="Mother.map" -Wl,--gc-sections -static --specs=nano.specs -mfpu=fpv4-sp-d16 -mfloat-abi=hard -mthumb -Wl,--start-group -lc -lm -lstdc++ -lsupc++ -Wl,--end-group
Finished building target: Mother.elf
 
arm-none-eabi-size   Mother.elf 
arm-none-eabi-objdump -h -S  Mother.elf  > "Mother.list"
   text	   data	    bss	    dec	    hex	filename
  34440	    252	   2328	  37020	   909c	Mother.elf
Finished building: default.size.stdout
 
Finished building: Mother.list
 
23:35:36 **** Incremental Build of configuration Debug for project Mother ****
make -j8 all 
arm-none-eabi-g++ "../Core/Src/main.cpp" -mcpu=cortex-m4 -std=gnu++14 -g3 -DDEBUG -DUSE_HAL_DRIVER -DSTM32F446xx -c -I../Core/Inc -I../Drivers/STM32F4xx_HAL_Driver/Inc -I../Drivers/STM32F4xx_HAL_Driver/Inc/Legacy -I../Drivers/CMSIS/Device/ST/STM32F4xx/Include -I../Drivers/CMSIS/Include -O0 -ffunction-sections -fdata-sections -fno-exceptions -fno-rtti -fno-use-cxa-atexit -Wall -fstack-usage -fcyclomatic-complexity -MMD -MP -MF"Core/Src/main.d" -MT"Core/Src/main.o" --specs=nano.specs -mfpu=fpv4-sp-d16 -mfloat-abi=hard -mthumb -o "Core/Src/main.o"
../Core/Src/main.cpp:85:19: warning: built-in function 'index' declared as non-function [-Wbuiltin-declaration-mismatch]
   85 | volatile uint32_t index;
      |                   ^~~~~
../Core/Src/main.cpp: In function 'int main()':
../Core/Src/main.cpp:256:14: warning: unused variable 'q' [-Wunused-variable]
  256 |   QUATERNION q;
      |              ^
../Core/Src/main.cpp: In function 'void check_TWEbuf()':
../Core/Src/main.cpp:613:22: warning: comparison of integer expressions of different signedness: 'int' and 'unsigned int' [-Wsign-compare]
  613 |     if(read_buf_point>sizeof(rxBuf)-1){read_buf_point = read_buf_point - sizeof(rxBuf);}
      |        ~~~~~~~~~~~~~~^~~~~~~~~~~~~~~~
../Core/Src/main.cpp:619:21: warning: comparison of integer expressions of different signedness: 'int' and 'unsigned int' [-Wsign-compare]
  619 |   if(check_buf_point>sizeof(rxBuf)-1){check_buf_point = check_buf_point - sizeof(rxBuf);}
      |      ~~~~~~~~~~~~~~~^~~~~~~~~~~~~~~~
../Core/Src/main.cpp:620:21: warning: comparison of integer expressions of different signedness: 'int' and 'volatile uint32_t' {aka 'volatile long unsigned int'} [-Wsign-compare]
  620 |   if(check_buf_point==index){break;}
      |      ~~~~~~~~~~~~~~~^~~~~~~
arm-none-eabi-g++ -o "Mother.elf" @"objects.list"   -mcpu=cortex-m4 -T"C:\robot\Japan2024-Software\MovingDisplay\Mother\STM32F446RETX_FLASH.ld" --specs=nosys.specs -Wl,-Map="Mother.map" -Wl,--gc-sections -static --specs=nano.specs -mfpu=fpv4-sp-d16 -mfloat-abi=hard -mthumb -Wl,--start-group -lc -lm -lstdc++ -lsupc++ -Wl,--end-group
Finished building target: Mother.elf
 
arm-none-eabi-size   Mother.elf 
arm-none-eabi-objdump -h -S  Mother.elf  > "Mother.list"
   text	   data	    bss	    dec	    hex	filename
  34440	    252	   2328	  37020	   909c	Mother.elf
Finished building: default.size.stdout
 
Finished building: Mother.list
 
23:37:21 **** Incremental Build of configuration Debug for project Mother ****
make -j8 all 
arm-none-eabi-g++ "../Core/Src/main.cpp" -mcpu=cortex-m4 -std=gnu++14 -g3 -DDEBUG -DUSE_HAL_DRIVER -DSTM32F446xx -c -I../Core/Inc -I../Drivers/STM32F4xx_HAL_Driver/Inc -I../Drivers/STM32F4xx_HAL_Driver/Inc/Legacy -I../Drivers/CMSIS/Device/ST/STM32F4xx/Include -I../Drivers/CMSIS/Include -O0 -ffunction-sections -fdata-sections -fno-exceptions -fno-rtti -fno-use-cxa-atexit -Wall -fstack-usage -fcyclomatic-complexity -MMD -MP -MF"Core/Src/main.d" -MT"Core/Src/main.o" --specs=nano.specs -mfpu=fpv4-sp-d16 -mfloat-abi=hard -mthumb -o "Core/Src/main.o"
../Core/Src/main.cpp:85:19: warning: built-in function 'index' declared as non-function [-Wbuiltin-declaration-mismatch]
   85 | volatile uint32_t index;
      |                   ^~~~~
../Core/Src/main.cpp: In function 'int main()':
../Core/Src/main.cpp:256:14: warning: unused variable 'q' [-Wunused-variable]
  256 |   QUATERNION q;
      |              ^
../Core/Src/main.cpp: In function 'void check_TWEbuf()':
../Core/Src/main.cpp:613:22: warning: comparison of integer expressions of different signedness: 'int' and 'unsigned int' [-Wsign-compare]
  613 |     if(read_buf_point>sizeof(rxBuf)-1){read_buf_point = read_buf_point - sizeof(rxBuf);}
      |        ~~~~~~~~~~~~~~^~~~~~~~~~~~~~~~
../Core/Src/main.cpp:619:21: warning: comparison of integer expressions of different signedness: 'int' and 'unsigned int' [-Wsign-compare]
  619 |   if(check_buf_point>sizeof(rxBuf)-1){check_buf_point = check_buf_point - sizeof(rxBuf);}
      |      ~~~~~~~~~~~~~~~^~~~~~~~~~~~~~~~
../Core/Src/main.cpp:620:21: warning: comparison of integer expressions of different signedness: 'int' and 'volatile uint32_t' {aka 'volatile long unsigned int'} [-Wsign-compare]
  620 |   if(check_buf_point==index){break;}
      |      ~~~~~~~~~~~~~~~^~~~~~~
arm-none-eabi-g++ -o "Mother.elf" @"objects.list"   -mcpu=cortex-m4 -T"C:\robot\Japan2024-Software\MovingDisplay\Mother\STM32F446RETX_FLASH.ld" --specs=nosys.specs -Wl,-Map="Mother.map" -Wl,--gc-sections -static --specs=nano.specs -mfpu=fpv4-sp-d16 -mfloat-abi=hard -mthumb -Wl,--start-group -lc -lm -lstdc++ -lsupc++ -Wl,--end-group
Finished building target: Mother.elf
 
arm-none-eabi-size   Mother.elf 
arm-none-eabi-objdump -h -S  Mother.elf  > "Mother.list"
   text	   data	    bss	    dec	    hex	filename
  34440	    252	   2328	  37020	   909c	Mother.elf
Finished building: default.size.stdout
 
Finished building: Mother.list
 
23:38:18 **** Incremental Build of configuration Debug for project Mother ****
make -j8 all 
arm-none-eabi-g++ "../Core/Src/main.cpp" -mcpu=cortex-m4 -std=gnu++14 -g3 -DDEBUG -DUSE_HAL_DRIVER -DSTM32F446xx -c -I../Core/Inc -I../Drivers/STM32F4xx_HAL_Driver/Inc -I../Drivers/STM32F4xx_HAL_Driver/Inc/Legacy -I../Drivers/CMSIS/Device/ST/STM32F4xx/Include -I../Drivers/CMSIS/Include -O0 -ffunction-sections -fdata-sections -fno-exceptions -fno-rtti -fno-use-cxa-atexit -Wall -fstack-usage -fcyclomatic-complexity -MMD -MP -MF"Core/Src/main.d" -MT"Core/Src/main.o" --specs=nano.specs -mfpu=fpv4-sp-d16 -mfloat-abi=hard -mthumb -o "Core/Src/main.o"
../Core/Src/main.cpp:85:19: warning: built-in function 'index' declared as non-function [-Wbuiltin-declaration-mismatch]
   85 | volatile uint32_t index;
      |                   ^~~~~
../Core/Src/main.cpp: In function 'int main()':
../Core/Src/main.cpp:256:14: warning: unused variable 'q' [-Wunused-variable]
  256 |   QUATERNION q;
      |              ^
../Core/Src/main.cpp: In function 'void check_TWEbuf()':
../Core/Src/main.cpp:613:22: warning: comparison of integer expressions of different signedness: 'int' and 'unsigned int' [-Wsign-compare]
  613 |     if(read_buf_point>sizeof(rxBuf)-1){read_buf_point = read_buf_point - sizeof(rxBuf);}
      |        ~~~~~~~~~~~~~~^~~~~~~~~~~~~~~~
../Core/Src/main.cpp:619:21: warning: comparison of integer expressions of different signedness: 'int' and 'unsigned int' [-Wsign-compare]
  619 |   if(check_buf_point>sizeof(rxBuf)-1){check_buf_point = check_buf_point - sizeof(rxBuf);}
      |      ~~~~~~~~~~~~~~~^~~~~~~~~~~~~~~~
../Core/Src/main.cpp:620:21: warning: comparison of integer expressions of different signedness: 'int' and 'volatile uint32_t' {aka 'volatile long unsigned int'} [-Wsign-compare]
  620 |   if(check_buf_point==index){break;}
      |      ~~~~~~~~~~~~~~~^~~~~~~
arm-none-eabi-g++ -o "Mother.elf" @"objects.list"   -mcpu=cortex-m4 -T"C:\robot\Japan2024-Software\MovingDisplay\Mother\STM32F446RETX_FLASH.ld" --specs=nosys.specs -Wl,-Map="Mother.map" -Wl,--gc-sections -static --specs=nano.specs -mfpu=fpv4-sp-d16 -mfloat-abi=hard -mthumb -Wl,--start-group -lc -lm -lstdc++ -lsupc++ -Wl,--end-group
Finished building target: Mother.elf
 
arm-none-eabi-size   Mother.elf 
arm-none-eabi-objdump -h -S  Mother.elf  > "Mother.list"
   text	   data	    bss	    dec	    hex	filename
  34440	    252	   2328	  37020	   909c	Mother.elf
Finished building: default.size.stdout
 
Finished building: Mother.list
 
23:40:09 **** Incremental Build of configuration Debug for project Mother ****
make -j8 all 
arm-none-eabi-g++ "../Core/Src/main.cpp" -mcpu=cortex-m4 -std=gnu++14 -g3 -DDEBUG -DUSE_HAL_DRIVER -DSTM32F446xx -c -I../Core/Inc -I../Drivers/STM32F4xx_HAL_Driver/Inc -I../Drivers/STM32F4xx_HAL_Driver/Inc/Legacy -I../Drivers/CMSIS/Device/ST/STM32F4xx/Include -I../Drivers/CMSIS/Include -O0 -ffunction-sections -fdata-sections -fno-exceptions -fno-rtti -fno-use-cxa-atexit -Wall -fstack-usage -fcyclomatic-complexity -MMD -MP -MF"Core/Src/main.d" -MT"Core/Src/main.o" --specs=nano.specs -mfpu=fpv4-sp-d16 -mfloat-abi=hard -mthumb -o "Core/Src/main.o"
../Core/Src/main.cpp:85:19: warning: built-in function 'index' declared as non-function [-Wbuiltin-declaration-mismatch]
   85 | volatile uint32_t index;
      |                   ^~~~~
../Core/Src/main.cpp: In function 'int main()':
../Core/Src/main.cpp:256:14: warning: unused variable 'q' [-Wunused-variable]
  256 |   QUATERNION q;
      |              ^
../Core/Src/main.cpp: In function 'void check_TWEbuf()':
../Core/Src/main.cpp:613:22: warning: comparison of integer expressions of different signedness: 'int' and 'unsigned int' [-Wsign-compare]
  613 |     if(read_buf_point>sizeof(rxBuf)-1){read_buf_point = read_buf_point - sizeof(rxBuf);}
      |        ~~~~~~~~~~~~~~^~~~~~~~~~~~~~~~
../Core/Src/main.cpp:619:21: warning: comparison of integer expressions of different signedness: 'int' and 'unsigned int' [-Wsign-compare]
  619 |   if(check_buf_point>sizeof(rxBuf)-1){check_buf_point = check_buf_point - sizeof(rxBuf);}
      |      ~~~~~~~~~~~~~~~^~~~~~~~~~~~~~~~
../Core/Src/main.cpp:620:21: warning: comparison of integer expressions of different signedness: 'int' and 'volatile uint32_t' {aka 'volatile long unsigned int'} [-Wsign-compare]
  620 |   if(check_buf_point==index){break;}
      |      ~~~~~~~~~~~~~~~^~~~~~~
arm-none-eabi-g++ -o "Mother.elf" @"objects.list"   -mcpu=cortex-m4 -T"C:\robot\Japan2024-Software\MovingDisplay\Mother\STM32F446RETX_FLASH.ld" --specs=nosys.specs -Wl,-Map="Mother.map" -Wl,--gc-sections -static --specs=nano.specs -mfpu=fpv4-sp-d16 -mfloat-abi=hard -mthumb -Wl,--start-group -lc -lm -lstdc++ -lsupc++ -Wl,--end-group
Finished building target: Mother.elf
 
arm-none-eabi-size   Mother.elf 
arm-none-eabi-objdump -h -S  Mother.elf  > "Mother.list"
   text	   data	    bss	    dec	    hex	filename
  34440	    252	   2328	  37020	   909c	Mother.elf
Finished building: default.size.stdout
 
Finished building: Mother.list
 
23:41:38 **** Incremental Build of configuration Debug for project Mother ****
make -j8 all 
arm-none-eabi-g++ "../Core/Src/main.cpp" -mcpu=cortex-m4 -std=gnu++14 -g3 -DDEBUG -DUSE_HAL_DRIVER -DSTM32F446xx -c -I../Core/Inc -I../Drivers/STM32F4xx_HAL_Driver/Inc -I../Drivers/STM32F4xx_HAL_Driver/Inc/Legacy -I../Drivers/CMSIS/Device/ST/STM32F4xx/Include -I../Drivers/CMSIS/Include -O0 -ffunction-sections -fdata-sections -fno-exceptions -fno-rtti -fno-use-cxa-atexit -Wall -fstack-usage -fcyclomatic-complexity -MMD -MP -MF"Core/Src/main.d" -MT"Core/Src/main.o" --specs=nano.specs -mfpu=fpv4-sp-d16 -mfloat-abi=hard -mthumb -o "Core/Src/main.o"
../Core/Src/main.cpp:85:19: warning: built-in function 'index' declared as non-function [-Wbuiltin-declaration-mismatch]
   85 | volatile uint32_t index;
      |                   ^~~~~
../Core/Src/main.cpp: In function 'int main()':
../Core/Src/main.cpp:256:14: warning: unused variable 'q' [-Wunused-variable]
  256 |   QUATERNION q;
      |              ^
../Core/Src/main.cpp: In function 'void check_TWEbuf()':
../Core/Src/main.cpp:613:22: warning: comparison of integer expressions of different signedness: 'int' and 'unsigned int' [-Wsign-compare]
  613 |     if(read_buf_point>sizeof(rxBuf)-1){read_buf_point = read_buf_point - sizeof(rxBuf);}
      |        ~~~~~~~~~~~~~~^~~~~~~~~~~~~~~~
../Core/Src/main.cpp:619:21: warning: comparison of integer expressions of different signedness: 'int' and 'unsigned int' [-Wsign-compare]
  619 |   if(check_buf_point>sizeof(rxBuf)-1){check_buf_point = check_buf_point - sizeof(rxBuf);}
      |      ~~~~~~~~~~~~~~~^~~~~~~~~~~~~~~~
../Core/Src/main.cpp:620:21: warning: comparison of integer expressions of different signedness: 'int' and 'volatile uint32_t' {aka 'volatile long unsigned int'} [-Wsign-compare]
  620 |   if(check_buf_point==index){break;}
      |      ~~~~~~~~~~~~~~~^~~~~~~
arm-none-eabi-g++ -o "Mother.elf" @"objects.list"   -mcpu=cortex-m4 -T"C:\robot\Japan2024-Software\MovingDisplay\Mother\STM32F446RETX_FLASH.ld" --specs=nosys.specs -Wl,-Map="Mother.map" -Wl,--gc-sections -static --specs=nano.specs -mfpu=fpv4-sp-d16 -mfloat-abi=hard -mthumb -Wl,--start-group -lc -lm -lstdc++ -lsupc++ -Wl,--end-group
Finished building target: Mother.elf
 
arm-none-eabi-size   Mother.elf 
arm-none-eabi-objdump -h -S  Mother.elf  > "Mother.list"
   text	   data	    bss	    dec	    hex	filename
  34448	    252	   2328	  37028	   90a4	Mother.elf
Finished building: default.size.stdout
 
Finished building: Mother.list
 
23:42:40 **** Incremental Build of configuration Debug for project Mother ****
make -j8 all 
arm-none-eabi-g++ "../Core/Src/main.cpp" -mcpu=cortex-m4 -std=gnu++14 -g3 -DDEBUG -DUSE_HAL_DRIVER -DSTM32F446xx -c -I../Core/Inc -I../Drivers/STM32F4xx_HAL_Driver/Inc -I../Drivers/STM32F4xx_HAL_Driver/Inc/Legacy -I../Drivers/CMSIS/Device/ST/STM32F4xx/Include -I../Drivers/CMSIS/Include -O0 -ffunction-sections -fdata-sections -fno-exceptions -fno-rtti -fno-use-cxa-atexit -Wall -fstack-usage -fcyclomatic-complexity -MMD -MP -MF"Core/Src/main.d" -MT"Core/Src/main.o" --specs=nano.specs -mfpu=fpv4-sp-d16 -mfloat-abi=hard -mthumb -o "Core/Src/main.o"
../Core/Src/main.cpp:85:19: warning: built-in function 'index' declared as non-function [-Wbuiltin-declaration-mismatch]
   85 | volatile uint32_t index;
      |                   ^~~~~
../Core/Src/main.cpp: In function 'int main()':
../Core/Src/main.cpp:256:14: warning: unused variable 'q' [-Wunused-variable]
  256 |   QUATERNION q;
      |              ^
../Core/Src/main.cpp: In function 'void check_TWEbuf()':
../Core/Src/main.cpp:613:22: warning: comparison of integer expressions of different signedness: 'int' and 'unsigned int' [-Wsign-compare]
  613 |     if(read_buf_point>sizeof(rxBuf)-1){read_buf_point = read_buf_point - sizeof(rxBuf);}
      |        ~~~~~~~~~~~~~~^~~~~~~~~~~~~~~~
../Core/Src/main.cpp:619:21: warning: comparison of integer expressions of different signedness: 'int' and 'unsigned int' [-Wsign-compare]
  619 |   if(check_buf_point>sizeof(rxBuf)-1){check_buf_point = check_buf_point - sizeof(rxBuf);}
      |      ~~~~~~~~~~~~~~~^~~~~~~~~~~~~~~~
../Core/Src/main.cpp:620:21: warning: comparison of integer expressions of different signedness: 'int' and 'volatile uint32_t' {aka 'volatile long unsigned int'} [-Wsign-compare]
  620 |   if(check_buf_point==index){break;}
      |      ~~~~~~~~~~~~~~~^~~~~~~
arm-none-eabi-g++ -o "Mother.elf" @"objects.list"   -mcpu=cortex-m4 -T"C:\robot\Japan2024-Software\MovingDisplay\Mother\STM32F446RETX_FLASH.ld" --specs=nosys.specs -Wl,-Map="Mother.map" -Wl,--gc-sections -static --specs=nano.specs -mfpu=fpv4-sp-d16 -mfloat-abi=hard -mthumb -Wl,--start-group -lc -lm -lstdc++ -lsupc++ -Wl,--end-group
Finished building target: Mother.elf
 
arm-none-eabi-size   Mother.elf 
arm-none-eabi-objdump -h -S  Mother.elf  > "Mother.list"
   text	   data	    bss	    dec	    hex	filename
  34440	    252	   2328	  37020	   909c	Mother.elf
Finished building: default.size.stdout
 
Finished building: Mother.list
 
23:42:52 **** Incremental Build of configuration Debug for project Mother ****
make -j8 all 
arm-none-eabi-size   Mother.elf 
   text	   data	    bss	    dec	    hex	filename
  34440	    252	   2328	  37020	   909c	Mother.elf
Finished building: default.size.stdout
 
23:43:38 **** Incremental Build of configuration Debug for project Mother ****
make -j8 all 
arm-none-eabi-g++ "../Core/Src/main.cpp" -mcpu=cortex-m4 -std=gnu++14 -g3 -DDEBUG -DUSE_HAL_DRIVER -DSTM32F446xx -c -I../Core/Inc -I../Drivers/STM32F4xx_HAL_Driver/Inc -I../Drivers/STM32F4xx_HAL_Driver/Inc/Legacy -I../Drivers/CMSIS/Device/ST/STM32F4xx/Include -I../Drivers/CMSIS/Include -O0 -ffunction-sections -fdata-sections -fno-exceptions -fno-rtti -fno-use-cxa-atexit -Wall -fstack-usage -fcyclomatic-complexity -MMD -MP -MF"Core/Src/main.d" -MT"Core/Src/main.o" --specs=nano.specs -mfpu=fpv4-sp-d16 -mfloat-abi=hard -mthumb -o "Core/Src/main.o"
../Core/Src/main.cpp:85:19: warning: built-in function 'index' declared as non-function [-Wbuiltin-declaration-mismatch]
   85 | volatile uint32_t index;
      |                   ^~~~~
../Core/Src/main.cpp: In function 'int main()':
../Core/Src/main.cpp:256:14: warning: unused variable 'q' [-Wunused-variable]
  256 |   QUATERNION q;
      |              ^
../Core/Src/main.cpp: In function 'void check_TWEbuf()':
../Core/Src/main.cpp:613:22: warning: comparison of integer expressions of different signedness: 'int' and 'unsigned int' [-Wsign-compare]
  613 |     if(read_buf_point>sizeof(rxBuf)-1){read_buf_point = read_buf_point - sizeof(rxBuf);}
      |        ~~~~~~~~~~~~~~^~~~~~~~~~~~~~~~
../Core/Src/main.cpp:619:21: warning: comparison of integer expressions of different signedness: 'int' and 'unsigned int' [-Wsign-compare]
  619 |   if(check_buf_point>sizeof(rxBuf)-1){check_buf_point = check_buf_point - sizeof(rxBuf);}
      |      ~~~~~~~~~~~~~~~^~~~~~~~~~~~~~~~
../Core/Src/main.cpp:620:21: warning: comparison of integer expressions of different signedness: 'int' and 'volatile uint32_t' {aka 'volatile long unsigned int'} [-Wsign-compare]
  620 |   if(check_buf_point==index){break;}
      |      ~~~~~~~~~~~~~~~^~~~~~~
arm-none-eabi-g++ -o "Mother.elf" @"objects.list"   -mcpu=cortex-m4 -T"C:\robot\Japan2024-Software\MovingDisplay\Mother\STM32F446RETX_FLASH.ld" --specs=nosys.specs -Wl,-Map="Mother.map" -Wl,--gc-sections -static --specs=nano.specs -mfpu=fpv4-sp-d16 -mfloat-abi=hard -mthumb -Wl,--start-group -lc -lm -lstdc++ -lsupc++ -Wl,--end-group
Finished building target: Mother.elf
 
arm-none-eabi-size   Mother.elf 
arm-none-eabi-objdump -h -S  Mother.elf  > "Mother.list"
   text	   data	    bss	    dec	    hex	filename
  34440	    252	   2328	  37020	   909c	Mother.elf
Finished building: default.size.stdout
 
Finished building: Mother.list
 
23:45:32 **** Incremental Build of configuration Debug for project Mother ****
make -j8 all 
arm-none-eabi-g++ "../Core/Src/main.cpp" -mcpu=cortex-m4 -std=gnu++14 -g3 -DDEBUG -DUSE_HAL_DRIVER -DSTM32F446xx -c -I../Core/Inc -I../Drivers/STM32F4xx_HAL_Driver/Inc -I../Drivers/STM32F4xx_HAL_Driver/Inc/Legacy -I../Drivers/CMSIS/Device/ST/STM32F4xx/Include -I../Drivers/CMSIS/Include -O0 -ffunction-sections -fdata-sections -fno-exceptions -fno-rtti -fno-use-cxa-atexit -Wall -fstack-usage -fcyclomatic-complexity -MMD -MP -MF"Core/Src/main.d" -MT"Core/Src/main.o" --specs=nano.specs -mfpu=fpv4-sp-d16 -mfloat-abi=hard -mthumb -o "Core/Src/main.o"
../Core/Src/main.cpp:85:19: warning: built-in function 'index' declared as non-function [-Wbuiltin-declaration-mismatch]
   85 | volatile uint32_t index;
      |                   ^~~~~
../Core/Src/main.cpp: In function 'int main()':
../Core/Src/main.cpp:256:14: warning: unused variable 'q' [-Wunused-variable]
  256 |   QUATERNION q;
      |              ^
../Core/Src/main.cpp: In function 'void check_TWEbuf()':
../Core/Src/main.cpp:613:22: warning: comparison of integer expressions of different signedness: 'int' and 'unsigned int' [-Wsign-compare]
  613 |     if(read_buf_point>sizeof(rxBuf)-1){read_buf_point = read_buf_point - sizeof(rxBuf);}
      |        ~~~~~~~~~~~~~~^~~~~~~~~~~~~~~~
../Core/Src/main.cpp:619:21: warning: comparison of integer expressions of different signedness: 'int' and 'unsigned int' [-Wsign-compare]
  619 |   if(check_buf_point>sizeof(rxBuf)-1){check_buf_point = check_buf_point - sizeof(rxBuf);}
      |      ~~~~~~~~~~~~~~~^~~~~~~~~~~~~~~~
../Core/Src/main.cpp:620:21: warning: comparison of integer expressions of different signedness: 'int' and 'volatile uint32_t' {aka 'volatile long unsigned int'} [-Wsign-compare]
  620 |   if(check_buf_point==index){break;}
      |      ~~~~~~~~~~~~~~~^~~~~~~
arm-none-eabi-g++ -o "Mother.elf" @"objects.list"   -mcpu=cortex-m4 -T"C:\robot\Japan2024-Software\MovingDisplay\Mother\STM32F446RETX_FLASH.ld" --specs=nosys.specs -Wl,-Map="Mother.map" -Wl,--gc-sections -static --specs=nano.specs -mfpu=fpv4-sp-d16 -mfloat-abi=hard -mthumb -Wl,--start-group -lc -lm -lstdc++ -lsupc++ -Wl,--end-group
Finished building target: Mother.elf
 
arm-none-eabi-size   Mother.elf 
arm-none-eabi-objdump -h -S  Mother.elf  > "Mother.list"
   text	   data	    bss	    dec	    hex	filename
  34456	    252	   2328	  37036	   90ac	Mother.elf
Finished building: default.size.stdout
 
Finished building: Mother.list
 
23:46:32 **** Incremental Build of configuration Debug for project Mother ****
make -j8 all 
arm-none-eabi-g++ "../Core/Src/main.cpp" -mcpu=cortex-m4 -std=gnu++14 -g3 -DDEBUG -DUSE_HAL_DRIVER -DSTM32F446xx -c -I../Core/Inc -I../Drivers/STM32F4xx_HAL_Driver/Inc -I../Drivers/STM32F4xx_HAL_Driver/Inc/Legacy -I../Drivers/CMSIS/Device/ST/STM32F4xx/Include -I../Drivers/CMSIS/Include -O0 -ffunction-sections -fdata-sections -fno-exceptions -fno-rtti -fno-use-cxa-atexit -Wall -fstack-usage -fcyclomatic-complexity -MMD -MP -MF"Core/Src/main.d" -MT"Core/Src/main.o" --specs=nano.specs -mfpu=fpv4-sp-d16 -mfloat-abi=hard -mthumb -o "Core/Src/main.o"
../Core/Src/main.cpp:85:19: warning: built-in function 'index' declared as non-function [-Wbuiltin-declaration-mismatch]
   85 | volatile uint32_t index;
      |                   ^~~~~
../Core/Src/main.cpp: In function 'int main()':
../Core/Src/main.cpp:256:14: warning: unused variable 'q' [-Wunused-variable]
  256 |   QUATERNION q;
      |              ^
../Core/Src/main.cpp: In function 'void check_TWEbuf()':
../Core/Src/main.cpp:613:22: warning: comparison of integer expressions of different signedness: 'int' and 'unsigned int' [-Wsign-compare]
  613 |     if(read_buf_point>sizeof(rxBuf)-1){read_buf_point = read_buf_point - sizeof(rxBuf);}
      |        ~~~~~~~~~~~~~~^~~~~~~~~~~~~~~~
../Core/Src/main.cpp:619:21: warning: comparison of integer expressions of different signedness: 'int' and 'unsigned int' [-Wsign-compare]
  619 |   if(check_buf_point>sizeof(rxBuf)-1){check_buf_point = check_buf_point - sizeof(rxBuf);}
      |      ~~~~~~~~~~~~~~~^~~~~~~~~~~~~~~~
../Core/Src/main.cpp:620:21: warning: comparison of integer expressions of different signedness: 'int' and 'volatile uint32_t' {aka 'volatile long unsigned int'} [-Wsign-compare]
  620 |   if(check_buf_point==index){break;}
      |      ~~~~~~~~~~~~~~~^~~~~~~
arm-none-eabi-g++ -o "Mother.elf" @"objects.list"   -mcpu=cortex-m4 -T"C:\robot\Japan2024-Software\MovingDisplay\Mother\STM32F446RETX_FLASH.ld" --specs=nosys.specs -Wl,-Map="Mother.map" -Wl,--gc-sections -static --specs=nano.specs -mfpu=fpv4-sp-d16 -mfloat-abi=hard -mthumb -Wl,--start-group -lc -lm -lstdc++ -lsupc++ -Wl,--end-group
Finished building target: Mother.elf
 
arm-none-eabi-size   Mother.elf 
arm-none-eabi-objdump -h -S  Mother.elf  > "Mother.list"
   text	   data	    bss	    dec	    hex	filename
  34464	    252	   2328	  37044	   90b4	Mother.elf
Finished building: default.size.stdout
 
Finished building: Mother.list
 
23:47:53 **** Incremental Build of configuration Debug for project Mother ****
make -j8 all 
arm-none-eabi-g++ "../Core/Src/main.cpp" -mcpu=cortex-m4 -std=gnu++14 -g3 -DDEBUG -DUSE_HAL_DRIVER -DSTM32F446xx -c -I../Core/Inc -I../Drivers/STM32F4xx_HAL_Driver/Inc -I../Drivers/STM32F4xx_HAL_Driver/Inc/Legacy -I../Drivers/CMSIS/Device/ST/STM32F4xx/Include -I../Drivers/CMSIS/Include -O0 -ffunction-sections -fdata-sections -fno-exceptions -fno-rtti -fno-use-cxa-atexit -Wall -fstack-usage -fcyclomatic-complexity -MMD -MP -MF"Core/Src/main.d" -MT"Core/Src/main.o" --specs=nano.specs -mfpu=fpv4-sp-d16 -mfloat-abi=hard -mthumb -o "Core/Src/main.o"
../Core/Src/main.cpp:85:19: warning: built-in function 'index' declared as non-function [-Wbuiltin-declaration-mismatch]
   85 | volatile uint32_t index;
      |                   ^~~~~
../Core/Src/main.cpp: In function 'int main()':
../Core/Src/main.cpp:256:14: warning: unused variable 'q' [-Wunused-variable]
  256 |   QUATERNION q;
      |              ^
../Core/Src/main.cpp: In function 'void check_TWEbuf()':
../Core/Src/main.cpp:613:22: warning: comparison of integer expressions of different signedness: 'int' and 'unsigned int' [-Wsign-compare]
  613 |     if(read_buf_point>sizeof(rxBuf)-1){read_buf_point = read_buf_point - sizeof(rxBuf);}
      |        ~~~~~~~~~~~~~~^~~~~~~~~~~~~~~~
../Core/Src/main.cpp:619:21: warning: comparison of integer expressions of different signedness: 'int' and 'unsigned int' [-Wsign-compare]
  619 |   if(check_buf_point>sizeof(rxBuf)-1){check_buf_point = check_buf_point - sizeof(rxBuf);}
      |      ~~~~~~~~~~~~~~~^~~~~~~~~~~~~~~~
../Core/Src/main.cpp:620:21: warning: comparison of integer expressions of different signedness: 'int' and 'volatile uint32_t' {aka 'volatile long unsigned int'} [-Wsign-compare]
  620 |   if(check_buf_point==index){break;}
      |      ~~~~~~~~~~~~~~~^~~~~~~
arm-none-eabi-g++ -o "Mother.elf" @"objects.list"   -mcpu=cortex-m4 -T"C:\robot\Japan2024-Software\MovingDisplay\Mother\STM32F446RETX_FLASH.ld" --specs=nosys.specs -Wl,-Map="Mother.map" -Wl,--gc-sections -static --specs=nano.specs -mfpu=fpv4-sp-d16 -mfloat-abi=hard -mthumb -Wl,--start-group -lc -lm -lstdc++ -lsupc++ -Wl,--end-group
Finished building target: Mother.elf
 
arm-none-eabi-size   Mother.elf 
arm-none-eabi-objdump -h -S  Mother.elf  > "Mother.list"
   text	   data	    bss	    dec	    hex	filename
  34464	    252	   2328	  37044	   90b4	Mother.elf
Finished building: default.size.stdout
 
Finished building: Mother.list
 
