13:29:15 **** Incremental Build of configuration Release for project Odometry ****
make -j8 all 
arm-none-eabi-size   Odometry.elf 
   text	   data	    bss	    dec	    hex	filename
  12256	     24	   1908	  14188	   376c	Odometry.elf
Finished building: default.size.stdout
 
13:29:28 **** Incremental Build of configuration Release for project Odometry ****
make -j8 all 
arm-none-eabi-size   Odometry.elf 
   text	   data	    bss	    dec	    hex	filename
  12256	     24	   1908	  14188	   376c	Odometry.elf
Finished building: default.size.stdout
 
13:30:27 **** Incremental Build of configuration Debug for project Mother ****
make -j8 all 
arm-none-eabi-size   Mother.elf 
   text	   data	    bss	    dec	    hex	filename
   9124	     24	   1668	  10816	   2a40	Mother.elf
Finished building: default.size.stdout
 
13:32:51 **** Incremental Build of configuration Release for project Odometry ****
make -j8 all 
arm-none-eabi-size   Odometry.elf 
   text	   data	    bss	    dec	    hex	filename
  12256	     24	   1908	  14188	   376c	Odometry.elf
Finished building: default.size.stdout
 
13:33:39 **** Incremental Build of configuration Debug for project Mother ****
make -j8 all 
arm-none-eabi-size   Mother.elf 
   text	   data	    bss	    dec	    hex	filename
   9124	     24	   1668	  10816	   2a40	Mother.elf
Finished building: default.size.stdout
 
