22:14:03 **** Incremental Build of configuration Debug for project Panel_Test ****
make -j8 all 
arm-none-eabi-gcc "../Core/Src/main.c" -mcpu=cortex-m0plus -std=gnu11 -g3 -DDEBUG -DUSE_HAL_DRIVER -DSTM32G030xx -c -I../Core/Inc -I../Drivers/STM32G0xx_HAL_Driver/Inc -I../Drivers/STM32G0xx_HAL_Driver/Inc/Legacy -I../Drivers/CMSIS/Device/ST/STM32G0xx/Include -I../Drivers/CMSIS/Include -O0 -ffunction-sections -fdata-sections -Wall -fstack-usage -fcyclomatic-complexity -MMD -MP -MF"Core/Src/main.d" -MT"Core/Src/main.o" --specs=nano.specs -mfloat-abi=soft -mthumb -o "Core/Src/main.o"
arm-none-eabi-g++ -o "Panel_Test.elf" @"objects.list"   -mcpu=cortex-m0plus -T"C:\robot\Japan2024-Software\MovingDisplay\Panel_Test\STM32G030K6TX_FLASH.ld" --specs=nosys.specs -Wl,-Map="Panel_Test.map" -Wl,--gc-sections -static --specs=nano.specs -mfloat-abi=soft -mthumb -Wl,--start-group -lc -lm -lstdc++ -lsupc++ -Wl,--end-group
Finished building target: Panel_Test.elf
 
arm-none-eabi-size   Panel_Test.elf 
arm-none-eabi-objdump -h -S  Panel_Test.elf  > "Panel_Test.list"
   text	   data	    bss	    dec	    hex	filename
  13668	     20	   2564	  16252	   3f7c	Panel_Test.elf
Finished building: default.size.stdout
 
Finished building: Panel_Test.list
 

22:14:04 Build Finished. 0 errors, 0 warnings. (took 977ms)

